
> portfolio@0.1.0 build
> next build

Γû▓ Next.js 16.1.0 (Turbopack)

  Creating an optimized production build ...
node.exe : Turbopack 
build encountered 9 
warnings:
At line:1 char:1
+ & "C:\Program Files
\nodejs/node.exe" 
"C:\Program 
Files\nodejs/node_mo 
...
+ ~~~~~~~~~~~~~~~~~~~
~~~~~~~~~~~~~~~~~~~~~
~~~~~~~~~~~~~~~~~~~~~
~~~~~~~~
    + CategoryInfo   
           : NotSpe  
  cified: (Turbopa   
 ck build encount    
ered 9 warnings:    
:String) [], Rem    
oteException
    + FullyQualified 
   ErrorId : Native  
  CommandError
 
./src/app/globals.scs
s
Issue while running 
loader
SassWarning: 
Deprecation Warning 
on line 0, column 8 
of file:///C:/portfol
io/src/app/globals.sc
ss:0:8:
Sass @import rules 
are deprecated and 
will be removed in 
Dart Sass 3.0.0.

More info and 
automated migrator: h
ttps://sass-lang.com/
d/import

0 | @import 
"tailwindcss";


src\app\globals.scss 
1:9  root stylesheet



./src/components/layo
ut/Footer.module.scss
Issue while running 
loader
SassWarning: 
Deprecation Warning 
on line 0, column 8 
of file:///C:/portfol
io/src/app/globals.sc
ss:0:8:
Sass @import rules 
are deprecated and 
will be removed in 
Dart Sass 3.0.0.

More info and 
automated migrator: h
ttps://sass-lang.com/
d/import

0 | @import 
"tailwindcss";


src\app\globals.scss 
1:9                  
    @use
src\components\layout
\Footer.module.scss 
1:1  root stylesheet


Import traces:
  Client Component 
Browser:
    ./src/components/
layout/Footer.module.
scss [Client 
Component Browser]
    ./src/components/
layout/Footer.tsx 
[Client Component 
Browser]
    ./src/components/
layout/Footer.tsx 
[Server Component]
    
./src/app/layout.tsx 
[Server Component]

  Client Component 
SSR:
    ./src/components/
layout/Footer.module.
scss [Client 
Component SSR]
    ./src/components/
layout/Footer.tsx 
[Client Component 
SSR]
    ./src/components/
layout/Footer.tsx 
[Server Component]
    
./src/app/layout.tsx 
[Server Component]


./src/components/layo
ut/Navbar.module.scss
Issue while running 
loader
SassWarning: 
Deprecation Warning 
on line 0, column 8 
of file:///C:/portfol
io/src/app/globals.sc
ss:0:8:
Sass @import rules 
are deprecated and 
will be removed in 
Dart Sass 3.0.0.

More info and 
automated migrator: h
ttps://sass-lang.com/
d/import

0 | @import 
"tailwindcss";


src\app\globals.scss 
1:9                  
    @use
src\components\layout
\Navbar.module.scss 
1:1  root stylesheet


Import traces:
  Client Component 
Browser:
    ./src/components/
layout/Navbar.module.
scss [Client 
Component Browser]
    ./src/components/
layout/Navbar.tsx 
[Client Component 
Browser]
    ./src/components/
layout/Navbar.tsx 
[Server Component]
    
./src/app/layout.tsx 
[Server Component]

  Client Component 
SSR:
    ./src/components/
layout/Navbar.module.
scss [Client 
Component SSR]
    ./src/components/
layout/Navbar.tsx 
[Client Component 
SSR]
    ./src/components/
layout/Navbar.tsx 
[Server Component]
    
./src/app/layout.tsx 
[Server Component]


./src/components/sect
ions/About.module.scs
s
Issue while running 
loader
SassWarning: 
Deprecation Warning 
on line 0, column 8 
of file:///C:/portfol
io/src/app/globals.sc
ss:0:8:
Sass @import rules 
are deprecated and 
will be removed in 
Dart Sass 3.0.0.

More info and 
automated migrator: h
ttps://sass-lang.com/
d/import

0 | @import 
"tailwindcss";


src\app\globals.scss 
1:9                  
     @use
src\components\sectio
ns\About.module.scss 
1:1  root stylesheet


Import traces:
  Client Component 
Browser:
    ./src/components/
sections/About.module
.scss [Client 
Component Browser]
    ./src/components/
sections/About.tsx 
[Client Component 
Browser]
    ./src/components/
sections/About.tsx 
[Server Component]
    
./src/app/page.tsx 
[Server Component]

  Client Component 
SSR:
    ./src/components/
sections/About.module
.scss [Client 
Component SSR]
    ./src/components/
sections/About.tsx 
[Client Component 
SSR]
    ./src/components/
sections/About.tsx 
[Server Component]
    
./src/app/page.tsx 
[Server Component]


./src/components/sect
ions/Contact.module.s
css
Issue while running 
loader
SassWarning: 
Deprecation Warning 
on line 0, column 8 
of file:///C:/portfol
io/src/app/globals.sc
ss:0:8:
Sass @import rules 
are deprecated and 
will be removed in 
Dart Sass 3.0.0.

More info and 
automated migrator: h
ttps://sass-lang.com/
d/import

0 | @import 
"tailwindcss";


src\app\globals.scss 
1:9                  
       @use
src\components\sectio
ns\Contact.module.scs
s 1:1  root 
stylesheet


Import traces:
  Client Component 
Browser:
    ./src/components/
sections/Contact.modu
le.scss [Client 
Component Browser]
    ./src/components/
sections/Contact.tsx 
[Client Component 
Browser]
    ./src/components/
sections/Contact.tsx 
[Server Component]
    
./src/app/page.tsx 
[Server Component]

  Client Component 
SSR:
    ./src/components/
sections/Contact.modu
le.scss [Client 
Component SSR]
    ./src/components/
sections/Contact.tsx 
[Client Component 
SSR]
    ./src/components/
sections/Contact.tsx 
[Server Component]
    
./src/app/page.tsx 
[Server Component]


./src/components/sect
ions/Experience.modul
e.scss
Issue while running 
loader
SassWarning: 
Deprecation Warning 
on line 0, column 8 
of file:///C:/portfol
io/src/app/globals.sc
ss:0:8:
Sass @import rules 
are deprecated and 
will be removed in 
Dart Sass 3.0.0.

More info and 
automated migrator: h
ttps://sass-lang.com/
d/import

0 | @import 
"tailwindcss";


src\app\globals.scss 
1:9                  
          @use
src\components\sectio
ns\Experience.module.
scss 1:1  root 
stylesheet


Import traces:
  Client Component 
Browser:
    ./src/components/
sections/Experience.m
odule.scss [Client 
Component Browser]
    ./src/components/
sections/Experience.t
sx [Client Component 
Browser]
    ./src/components/
sections/Experience.t
sx [Server Component]
    
./src/app/page.tsx 
[Server Component]

  Client Component 
SSR:
    ./src/components/
sections/Experience.m
odule.scss [Client 
Component SSR]
    ./src/components/
sections/Experience.t
sx [Client Component 
SSR]
    ./src/components/
sections/Experience.t
sx [Server Component]
    
./src/app/page.tsx 
[Server Component]


./src/components/sect
ions/Hero.module.scss
Issue while running 
loader
SassWarning: 
Deprecation Warning 
on line 0, column 8 
of file:///C:/portfol
io/src/app/globals.sc
ss:0:8:
Sass @import rules 
are deprecated and 
will be removed in 
Dart Sass 3.0.0.

More info and 
automated migrator: h
ttps://sass-lang.com/
d/import

0 | @import 
"tailwindcss";


src\app\globals.scss 
1:9                  
    @use
src\components\sectio
ns\Hero.module.scss 
1:1  root stylesheet


Import traces:
  Client Component 
Browser:
    ./src/components/
sections/Hero.module.
scss [Client 
Component Browser]
    ./src/components/
sections/Hero.tsx 
[Client Component 
Browser]
    ./src/components/
sections/Hero.tsx 
[Server Component]
    
./src/app/page.tsx 
[Server Component]

  Client Component 
SSR:
    ./src/components/
sections/Hero.module.
scss [Client 
Component SSR]
    ./src/components/
sections/Hero.tsx 
[Client Component 
SSR]
    ./src/components/
sections/Hero.tsx 
[Server Component]
    
./src/app/page.tsx 
[Server Component]


./src/components/sect
ions/Projects.module.
scss
Issue while running 
loader
SassWarning: 
Deprecation Warning 
on line 0, column 8 
of file:///C:/portfol
io/src/app/globals.sc
ss:0:8:
Sass @import rules 
are deprecated and 
will be removed in 
Dart Sass 3.0.0.

More info and 
automated migrator: h
ttps://sass-lang.com/
d/import

0 | @import 
"tailwindcss";


src\app\globals.scss 
1:9                  
        @use
src\components\sectio
ns\Projects.module.sc
ss 1:1  root 
stylesheet


Import traces:
  Client Component 
Browser:
    ./src/components/
sections/Projects.mod
ule.scss [Client 
Component Browser]
    ./src/components/
sections/Projects.tsx
 [Client Component 
Browser]
    ./src/components/
sections/Projects.tsx
 [Server Component]
    
./src/app/page.tsx 
[Server Component]

  Client Component 
SSR:
    ./src/components/
sections/Projects.mod
ule.scss [Client 
Component SSR]
    ./src/components/
sections/Projects.tsx
 [Client Component 
SSR]
    ./src/components/
sections/Projects.tsx
 [Server Component]
    
./src/app/page.tsx 
[Server Component]


./src/components/sect
ions/Skills.module.sc
ss
Issue while running 
loader
SassWarning: 
Deprecation Warning 
on line 0, column 8 
of file:///C:/portfol
io/src/app/globals.sc
ss:0:8:
Sass @import rules 
are deprecated and 
will be removed in 
Dart Sass 3.0.0.

More info and 
automated migrator: h
ttps://sass-lang.com/
d/import

0 | @import 
"tailwindcss";


src\app\globals.scss 
1:9                  
      @use
src\components\sectio
ns\Skills.module.scss
 1:1  root stylesheet


Import traces:
  Client Component 
Browser:
    ./src/components/
sections/Skills.modul
e.scss [Client 
Component Browser]
    ./src/components/
sections/Skills.tsx 
[Client Component 
Browser]
    ./src/components/
sections/Skills.tsx 
[Server Component]
    
./src/app/page.tsx 
[Server Component]

  Client Component 
SSR:
    ./src/components/
sections/Skills.modul
e.scss [Client 
Component SSR]
    ./src/components/
sections/Skills.tsx 
[Client Component 
SSR]
    ./src/components/
sections/Skills.tsx 
[Server Component]
    
./src/app/page.tsx 
[Server Component]



> Build error 
occurred
Error: Turbopack 
build failed with 
320 errors:
./src/components/layo
ut/Footer.module.scss
.module.css
Transforming CSS 
failed
Selector "*" is not 
pure. Pure selectors 
must contain at 
least one local 
class or id.

Import trace:
  Client Component 
Browser:
    ./src/components/
layout/Footer.module.
scss.module.css 
[Client Component 
Browser]
    ./src/components/
layout/Footer.module.
scss [Client 
Component Browser]
    ./src/components/
layout/Footer.tsx 
[Client Component 
Browser]
    ./src/components/
layout/Footer.tsx 
[Server Component]
    
./src/app/layout.tsx 
[Server Component]


./src/components/layo
ut/Footer.module.scss
.module.css
Transforming CSS 
failed
Selector "[hidden]:wh
ere(:not([hidden="unt
il-found"]))" is not 
pure. Pure selectors 
must contain at 
least one local 
class or id.

Import trace:
  Client Component 
Browser:
    ./src/components/
layout/Footer.module.
scss.module.css 
[Client Component 
Browser]
    ./src/components/
layout/Footer.module.
scss [Client 
Component Browser]
    ./src/components/
layout/Footer.tsx 
[Client Component 
Browser]
    ./src/components/
layout/Footer.tsx 
[Server Component]
    
./src/app/layout.tsx 
[Server Component]


./src/components/layo
ut/Footer.module.scss
.module.css
Transforming CSS 
failed
Selector "a" is not 
pure. Pure selectors 
must contain at 
least one local 
class or id.

Import trace:
  Client Component 
Browser:
    ./src/components/
layout/Footer.module.
scss.module.css 
[Client Component 
Browser]
    ./src/components/
layout/Footer.module.
scss [Client 
Component Browser]
    ./src/components/
layout/Footer.tsx 
[Client Component 
Browser]
    ./src/components/
layout/Footer.tsx 
[Server Component]
    
./src/app/layout.tsx 
[Server Component]


./src/components/layo
ut/Footer.module.scss
.module.css
Transforming CSS 
failed
Selector "abbr:where(
[title])" is not 
pure. Pure selectors 
must contain at 
least one local 
class or id.

Import trace:
  Client Component 
Browser:
    ./src/components/
layout/Footer.module.
scss.module.css 
[Client Component 
Browser]
    ./src/components/
layout/Footer.module.
scss [Client 
Component Browser]
    ./src/components/
layout/Footer.tsx 
[Client Component 
Browser]
    ./src/components/
layout/Footer.tsx 
[Server Component]
    
./src/app/layout.tsx 
[Server Component]


./src/components/layo
ut/Footer.module.scss
.module.css
Transforming CSS 
failed
Selector "audio" is 
not pure. Pure 
selectors must 
contain at least one 
local class or id.

Import trace:
  Client Component 
Browser:
    ./src/components/
layout/Footer.module.
scss.module.css 
[Client Component 
Browser]
    ./src/components/
layout/Footer.module.
scss [Client 
Component Browser]
    ./src/components/
layout/Footer.tsx 
[Client Component 
Browser]
    ./src/components/
layout/Footer.tsx 
[Server Component]
    
./src/app/layout.tsx 
[Server Component]


./src/components/layo
ut/Footer.module.scss
.module.css
Transforming CSS 
failed
Selector "b" is not 
pure. Pure selectors 
must contain at 
least one local 
class or id.

Import trace:
  Client Component 
Browser:
    ./src/components/
layout/Footer.module.
scss.module.css 
[Client Component 
Browser]
    ./src/components/
layout/Footer.module.
scss [Client 
Component Browser]
    ./src/components/
layout/Footer.tsx 
[Client Component 
Browser]
    ./src/components/
layout/Footer.tsx 
[Server Component]
    
./src/app/layout.tsx 
[Server Component]


./src/components/layo
ut/Footer.module.scss
.module.css
Transforming CSS 
failed
Selector "button" is 
not pure. Pure 
selectors must 
contain at least one 
local class or id.

Import trace:
  Client Component 
Browser:
    ./src/components/
layout/Footer.module.
scss.module.css 
[Client Component 
Browser]
    ./src/components/
layout/Footer.module.
scss [Client 
Component Browser]
    ./src/components/
layout/Footer.tsx 
[Client Component 
Browser]
    ./src/components/
layout/Footer.tsx 
[Server Component]
    
./src/app/layout.tsx 
[Server Component]


./src/components/layo
ut/Footer.module.scss
.module.css
Transforming CSS 
failed
Selector "canvas" is 
not pure. Pure 
selectors must 
contain at least one 
local class or id.

Import trace:
  Client Component 
Browser:
    ./src/components/
layout/Footer.module.
scss.module.css 
[Client Component 
Browser]
    ./src/components/
layout/Footer.module.
scss [Client 
Component Browser]
    ./src/components/
layout/Footer.tsx 
[Client Component 
Browser]
    ./src/components/
layout/Footer.tsx 
[Server Component]
    
./src/app/layout.tsx 
[Server Component]


./src/components/layo
ut/Footer.module.scss
.module.css
Transforming CSS 
failed
Selector "code" is 
not pure. Pure 
selectors must 
contain at least one 
local class or id.

Import trace:
  Client Component 
Browser:
    ./src/components/
layout/Footer.module.
scss.module.css 
[Client Component 
Browser]
    ./src/components/
layout/Footer.module.
scss [Client 
Component Browser]
    ./src/components/
layout/Footer.tsx 
[Client Component 
Browser]
    ./src/components/
layout/Footer.tsx 
[Server Component]
    
./src/app/layout.tsx 
[Server Component]


./src/components/layo
ut/Footer.module.scss
.module.css
Transforming CSS 
failed
Selector "embed" is 
not pure. Pure 
selectors must 
contain at least one 
local class or id.

Import trace:
  Client Component 
Browser:
    ./src/components/
layout/Footer.module.
scss.module.css 
[Client Component 
Browser]
    ./src/components/
layout/Footer.module.
scss [Client 
Component Browser]
    ./src/components/
layout/Footer.tsx 
[Client Component 
Browser]
    ./src/components/
layout/Footer.tsx 
[Server Component]
    
./src/app/layout.tsx 
[Server Component]


./src/components/layo
ut/Footer.module.scss
.module.css
Transforming CSS 
failed
Selector "h1" is not 
pure. Pure selectors 
must contain at 
least one local 
class or id.

Import trace:
  Client Component 
Browser:
    ./src/components/
layout/Footer.module.
scss.module.css 
[Client Component 
Browser]
    ./src/components/
layout/Footer.module.
scss [Client 
Component Browser]
    ./src/components/
layout/Footer.tsx 
[Client Component 
Browser]
    ./src/components/
layout/Footer.tsx 
[Server Component]
    
./src/app/layout.tsx 
[Server Component]


./src/components/layo
ut/Footer.module.scss
.module.css
Transforming CSS 
failed
Selector "h2" is not 
pure. Pure selectors 
must contain at 
least one local 
class or id.

Import trace:
  Client Component 
Browser:
    ./src/components/
layout/Footer.module.
scss.module.css 
[Client Component 
Browser]
    ./src/components/
layout/Footer.module.
scss [Client 
Component Browser]
    ./src/components/
layout/Footer.tsx 
[Client Component 
Browser]
    ./src/components/
layout/Footer.tsx 
[Server Component]
    
./src/app/layout.tsx 
[Server Component]


./src/components/layo
ut/Footer.module.scss
.module.css
Transforming CSS 
failed
Selector "h3" is not 
pure. Pure selectors 
must contain at 
least one local 
class or id.

Import trace:
  Client Component 
Browser:
    ./src/components/
layout/Footer.module.
scss.module.css 
[Client Component 
Browser]
    ./src/components/
layout/Footer.module.
scss [Client 
Component Browser]
    ./src/components/
layout/Footer.tsx 
[Client Component 
Browser]
    ./src/components/
layout/Footer.tsx 
[Server Component]
    
./src/app/layout.tsx 
[Server Component]


./src/components/layo
ut/Footer.module.scss
.module.css
Transforming CSS 
failed
Selector "h4" is not 
pure. Pure selectors 
must contain at 
least one local 
class or id.

Import trace:
  Client Component 
Browser:
    ./src/components/
layout/Footer.module.
scss.module.css 
[Client Component 
Browser]
    ./src/components/
layout/Footer.module.
scss [Client 
Component Browser]
    ./src/components/
layout/Footer.tsx 
[Client Component 
Browser]
    ./src/components/
layout/Footer.tsx 
[Server Component]
    
./src/app/layout.tsx 
[Server Component]


./src/components/layo
ut/Footer.module.scss
.module.css
Transforming CSS 
failed
Selector "h5" is not 
pure. Pure selectors 
must contain at 
least one local 
class or id.

Import trace:
  Client Component 
Browser:
    ./src/components/
layout/Footer.module.
scss.module.css 
[Client Component 
Browser]
    ./src/components/
layout/Footer.module.
scss [Client 
Component Browser]
    ./src/components/
layout/Footer.tsx 
[Client Component 
Browser]
    ./src/components/
layout/Footer.tsx 
[Server Component]
    
./src/app/layout.tsx 
[Server Component]


./src/components/layo
ut/Footer.module.scss
.module.css
Transforming CSS 
failed
Selector "h6" is not 
pure. Pure selectors 
must contain at 
least one local 
class or id.

Import trace:
  Client Component 
Browser:
    ./src/components/
layout/Footer.module.
scss.module.css 
[Client Component 
Browser]
    ./src/components/
layout/Footer.module.
scss [Client 
Component Browser]
    ./src/components/
layout/Footer.tsx 
[Client Component 
Browser]
    ./src/components/
layout/Footer.tsx 
[Server Component]
    
./src/app/layout.tsx 
[Server Component]


./src/components/layo
ut/Footer.module.scss
.module.css
Transforming CSS 
failed
Selector "hr" is not 
pure. Pure selectors 
must contain at 
least one local 
class or id.

Import trace:
  Client Component 
Browser:
    ./src/components/
layout/Footer.module.
scss.module.css 
[Client Component 
Browser]
    ./src/components/
layout/Footer.module.
scss [Client 
Component Browser]
    ./src/components/
layout/Footer.tsx 
[Client Component 
Browser]
    ./src/components/
layout/Footer.tsx 
[Server Component]
    
./src/app/layout.tsx 
[Server Component]


./src/components/layo
ut/Footer.module.scss
.module.css
Transforming CSS 
failed
Selector "iframe" is 
not pure. Pure 
selectors must 
contain at least one 
local class or id.

Import trace:
  Client Component 
Browser:
    ./src/components/
layout/Footer.module.
scss.module.css 
[Client Component 
Browser]
    ./src/components/
layout/Footer.module.
scss [Client 
Component Browser]
    ./src/components/
layout/Footer.tsx 
[Client Component 
Browser]
    ./src/components/
layout/Footer.tsx 
[Server Component]
    
./src/app/layout.tsx 
[Server Component]


./src/components/layo
ut/Footer.module.scss
.module.css
Transforming CSS 
failed
Selector "img" is 
not pure. Pure 
selectors must 
contain at least one 
local class or id.

Import trace:
  Client Component 
Browser:
    ./src/components/
layout/Footer.module.
scss.module.css 
[Client Component 
Browser]
    ./src/components/
layout/Footer.module.
scss [Client 
Component Browser]
    ./src/components/
layout/Footer.tsx 
[Client Component 
Browser]
    ./src/components/
layout/Footer.tsx 
[Server Component]
    
./src/app/layout.tsx 
[Server Component]


./src/components/layo
ut/Footer.module.scss
.module.css
Transforming CSS 
failed
Selector "input" is 
not pure. Pure 
selectors must 
contain at least one 
local class or id.

Import trace:
  Client Component 
Browser:
    ./src/components/
layout/Footer.module.
scss.module.css 
[Client Component 
Browser]
    ./src/components/
layout/Footer.module.
scss [Client 
Component Browser]
    ./src/components/
layout/Footer.tsx 
[Client Component 
Browser]
    ./src/components/
layout/Footer.tsx 
[Server Component]
    
./src/app/layout.tsx 
[Server Component]


./src/components/layo
ut/Footer.module.scss
.module.css
Transforming CSS 
failed
Selector "input:where
([type="button"], 
[type="reset"], 
[type="submit"])" is 
not pure. Pure 
selectors must 
contain at least one 
local class or id.

Import trace:
  Client Component 
Browser:
    ./src/components/
layout/Footer.module.
scss.module.css 
[Client Component 
Browser]
    ./src/components/
layout/Footer.module.
scss [Client 
Component Browser]
    ./src/components/
layout/Footer.tsx 
[Client Component 
Browser]
    ./src/components/
layout/Footer.tsx 
[Server Component]
    
./src/app/layout.tsx 
[Server Component]


./src/components/layo
ut/Footer.module.scss
.module.css
Transforming CSS 
failed
Selector "kbd" is 
not pure. Pure 
selectors must 
contain at least one 
local class or id.

Import trace:
  Client Component 
Browser:
    ./src/components/
layout/Footer.module.
scss.module.css 
[Client Component 
Browser]
    ./src/components/
layout/Footer.module.
scss [Client 
Component Browser]
    ./src/components/
layout/Footer.tsx 
[Client Component 
Browser]
    ./src/components/
layout/Footer.tsx 
[Server Component]
    
./src/app/layout.tsx 
[Server Component]


./src/components/layo
ut/Footer.module.scss
.module.css
Transforming CSS 
failed
Selector "menu" is 
not pure. Pure 
selectors must 
contain at least one 
local class or id.

Import trace:
  Client Component 
Browser:
    ./src/components/
layout/Footer.module.
scss.module.css 
[Client Component 
Browser]
    ./src/components/
layout/Footer.module.
scss [Client 
Component Browser]
    ./src/components/
layout/Footer.tsx 
[Client Component 
Browser]
    ./src/components/
layout/Footer.tsx 
[Server Component]
    
./src/app/layout.tsx 
[Server Component]


./src/components/layo
ut/Footer.module.scss
.module.css
Transforming CSS 
failed
Selector "object" is 
not pure. Pure 
selectors must 
contain at least one 
local class or id.

Import trace:
  Client Component 
Browser:
    ./src/components/
layout/Footer.module.
scss.module.css 
[Client Component 
Browser]
    ./src/components/
layout/Footer.module.
scss [Client 
Component Browser]
    ./src/components/
layout/Footer.tsx 
[Client Component 
Browser]
    ./src/components/
layout/Footer.tsx 
[Server Component]
    
./src/app/layout.tsx 
[Server Component]


./src/components/layo
ut/Footer.module.scss
.module.css
Transforming CSS 
failed
Selector "ol" is not 
pure. Pure selectors 
must contain at 
least one local 
class or id.

Import trace:
  Client Component 
Browser:
    ./src/components/
layout/Footer.module.
scss.module.css 
[Client Component 
Browser]
    ./src/components/
layout/Footer.module.
scss [Client 
Component Browser]
    ./src/components/
layout/Footer.tsx 
[Client Component 
Browser]
    ./src/components/
layout/Footer.tsx 
[Server Component]
    
./src/app/layout.tsx 
[Server Component]


./src/components/layo
ut/Footer.module.scss
.module.css
Transforming CSS 
failed
Selector "optgroup" 
is not pure. Pure 
selectors must 
contain at least one 
local class or id.

Import trace:
  Client Component 
Browser:
    ./src/components/
layout/Footer.module.
scss.module.css 
[Client Component 
Browser]
    ./src/components/
layout/Footer.module.
scss [Client 
Component Browser]
    ./src/components/
layout/Footer.tsx 
[Client Component 
Browser]
    ./src/components/
layout/Footer.tsx 
[Server Component]
    
./src/app/layout.tsx 
[Server Component]


./src/components/layo
ut/Footer.module.scss
.module.css
Transforming CSS 
failed
Selector "pre" is 
not pure. Pure 
selectors must 
contain at least one 
local class or id.

Import trace:
  Client Component 
Browser:
    ./src/components/
layout/Footer.module.
scss.module.css 
[Client Component 
Browser]
    ./src/components/
layout/Footer.module.
scss [Client 
Component Browser]
    ./src/components/
layout/Footer.tsx 
[Client Component 
Browser]
    ./src/components/
layout/Footer.tsx 
[Server Component]
    
./src/app/layout.tsx 
[Server Component]


./src/components/layo
ut/Footer.module.scss
.module.css
Transforming CSS 
failed
Selector "progress" 
is not pure. Pure 
selectors must 
contain at least one 
local class or id.

Import trace:
  Client Component 
Browser:
    ./src/components/
layout/Footer.module.
scss.module.css 
[Client Component 
Browser]
    ./src/components/
layout/Footer.module.
scss [Client 
Component Browser]
    ./src/components/
layout/Footer.tsx 
[Client Component 
Browser]
    ./src/components/
layout/Footer.tsx 
[Server Component]
    
./src/app/layout.tsx 
[Server Component]


./src/components/layo
ut/Footer.module.scss
.module.css
Transforming CSS 
failed
Selector "samp" is 
not pure. Pure 
selectors must 
contain at least one 
local class or id.

Import trace:
  Client Component 
Browser:
    ./src/components/
layout/Footer.module.
scss.module.css 
[Client Component 
Browser]
    ./src/components/
layout/Footer.module.
scss [Client 
Component Browser]
    ./src/components/
layout/Footer.tsx 
[Client Component 
Browser]
    ./src/components/
layout/Footer.tsx 
[Server Component]
    
./src/app/layout.tsx 
[Server Component]


./src/components/layo
ut/Footer.module.scss
.module.css
Transforming CSS 
failed
Selector "select" is 
not pure. Pure 
selectors must 
contain at least one 
local class or id.

Import trace:
  Client Component 
Browser:
    ./src/components/
layout/Footer.module.
scss.module.css 
[Client Component 
Browser]
    ./src/components/
layout/Footer.module.
scss [Client 
Component Browser]
    ./src/components/
layout/Footer.tsx 
[Client Component 
Browser]
    ./src/components/
layout/Footer.tsx 
[Server Component]
    
./src/app/layout.tsx 
[Server Component]


./src/components/layo
ut/Footer.module.scss
.module.css
Transforming CSS 
failed
Selector "small" is 
not pure. Pure 
selectors must 
contain at least one 
local class or id.

Import trace:
  Client Component 
Browser:
    ./src/components/
layout/Footer.module.
scss.module.css 
[Client Component 
Browser]
    ./src/components/
layout/Footer.module.
scss [Client 
Component Browser]
    ./src/components/
layout/Footer.tsx 
[Client Component 
Browser]
    ./src/components/
layout/Footer.tsx 
[Server Component]
    
./src/app/layout.tsx 
[Server Component]


./src/components/layo
ut/Footer.module.scss
.module.css
Transforming CSS 
failed
Selector "strong" is 
not pure. Pure 
selectors must 
contain at least one 
local class or id.

Import trace:
  Client Component 
Browser:
    ./src/components/
layout/Footer.module.
scss.module.css 
[Client Component 
Browser]
    ./src/components/
layout/Footer.module.
scss [Client 
Component Browser]
    ./src/components/
layout/Footer.tsx 
[Client Component 
Browser]
    ./src/components/
layout/Footer.tsx 
[Server Component]
    
./src/app/layout.tsx 
[Server Component]


./src/components/layo
ut/Footer.module.scss
.module.css
Transforming CSS 
failed
Selector "sub" is 
not pure. Pure 
selectors must 
contain at least one 
local class or id.

Import trace:
  Client Component 
Browser:
    ./src/components/
layout/Footer.module.
scss.module.css 
[Client Component 
Browser]
    ./src/components/
layout/Footer.module.
scss [Client 
Component Browser]
    ./src/components/
layout/Footer.tsx 
[Client Component 
Browser]
    ./src/components/
layout/Footer.tsx 
[Server Component]
    
./src/app/layout.tsx 
[Server Component]


./src/components/layo
ut/Footer.module.scss
.module.css
Transforming CSS 
failed
Selector "summary" 
is not pure. Pure 
selectors must 
contain at least one 
local class or id.

Import trace:
  Client Component 
Browser:
    ./src/components/
layout/Footer.module.
scss.module.css 
[Client Component 
Browser]
    ./src/components/
layout/Footer.module.
scss [Client 
Component Browser]
    ./src/components/
layout/Footer.tsx 
[Client Component 
Browser]
    ./src/components/
layout/Footer.tsx 
[Server Component]
    
./src/app/layout.tsx 
[Server Component]


./src/components/layo
ut/Footer.module.scss
.module.css
Transforming CSS 
failed
Selector "sup" is 
not pure. Pure 
selectors must 
contain at least one 
local class or id.

Import trace:
  Client Component 
Browser:
    ./src/components/
layout/Footer.module.
scss.module.css 
[Client Component 
Browser]
    ./src/components/
layout/Footer.module.
scss [Client 
Component Browser]
    ./src/components/
layout/Footer.tsx 
[Client Component 
Browser]
    ./src/components/
layout/Footer.tsx 
[Server Component]
    
./src/app/layout.tsx 
[Server Component]


./src/components/layo
ut/Footer.module.scss
.module.css
Transforming CSS 
failed
Selector "svg" is 
not pure. Pure 
selectors must 
contain at least one 
local class or id.

Import trace:
  Client Component 
Browser:
    ./src/components/
layout/Footer.module.
scss.module.css 
[Client Component 
Browser]
    ./src/components/
layout/Footer.module.
scss [Client 
Component Browser]
    ./src/components/
layout/Footer.tsx 
[Client Component 
Browser]
    ./src/components/
layout/Footer.tsx 
[Server Component]
    
./src/app/layout.tsx 
[Server Component]


./src/components/layo
ut/Footer.module.scss
.module.css
Transforming CSS 
failed
Selector "table" is 
not pure. Pure 
selectors must 
contain at least one 
local class or id.

Import trace:
  Client Component 
Browser:
    ./src/components/
layout/Footer.module.
scss.module.css 
[Client Component 
Browser]
    ./src/components/
layout/Footer.module.
scss [Client 
Component Browser]
    ./src/components/
layout/Footer.tsx 
[Client Component 
Browser]
    ./src/components/
layout/Footer.tsx 
[Server Component]
    
./src/app/layout.tsx 
[Server Component]


./src/components/layo
ut/Footer.module.scss
.module.css
Transforming CSS 
failed
Selector "textarea" 
is not pure. Pure 
selectors must 
contain at least one 
local class or id.

Import trace:
  Client Component 
Browser:
    ./src/components/
layout/Footer.module.
scss.module.css 
[Client Component 
Browser]
    ./src/components/
layout/Footer.module.
scss [Client 
Component Browser]
    ./src/components/
layout/Footer.tsx 
[Client Component 
Browser]
    ./src/components/
layout/Footer.tsx 
[Server Component]
    
./src/app/layout.tsx 
[Server Component]


./src/components/layo
ut/Footer.module.scss
.module.css
Transforming CSS 
failed
Selector "ul" is not 
pure. Pure selectors 
must contain at 
least one local 
class or id.

Import trace:
  Client Component 
Browser:
    ./src/components/
layout/Footer.module.
scss.module.css 
[Client Component 
Browser]
    ./src/components/
layout/Footer.module.
scss [Client 
Component Browser]
    ./src/components/
layout/Footer.tsx 
[Client Component 
Browser]
    ./src/components/
layout/Footer.tsx 
[Server Component]
    
./src/app/layout.tsx 
[Server Component]


./src/components/layo
ut/Footer.module.scss
.module.css
Transforming CSS 
failed
Selector "video" is 
not pure. Pure 
selectors must 
contain at least one 
local class or id.

Import trace:
  Client Component 
Browser:
    ./src/components/
layout/Footer.module.
scss.module.css 
[Client Component 
Browser]
    ./src/components/
layout/Footer.module.
scss [Client 
Component Browser]
    ./src/components/
layout/Footer.tsx 
[Client Component 
Browser]
    ./src/components/
layout/Footer.tsx 
[Server Component]
    
./src/app/layout.tsx 
[Server Component]


./src/components/layo
ut/Navbar.module.scss
.module.css
Transforming CSS 
failed
Selector "*" is not 
pure. Pure selectors 
must contain at 
least one local 
class or id.

Import trace:
  Client Component 
Browser:
    ./src/components/
layout/Navbar.module.
scss.module.css 
[Client Component 
Browser]
    ./src/components/
layout/Navbar.module.
scss [Client 
Component Browser]
    ./src/components/
layout/Navbar.tsx 
[Client Component 
Browser]
    ./src/components/
layout/Navbar.tsx 
[Server Component]
    
./src/app/layout.tsx 
[Server Component]


./src/components/layo
ut/Navbar.module.scss
.module.css
Transforming CSS 
failed
Selector "[hidden]:wh
ere(:not([hidden="unt
il-found"]))" is not 
pure. Pure selectors 
must contain at 
least one local 
class or id.

Import trace:
  Client Component 
Browser:
    ./src/components/
layout/Navbar.module.
scss.module.css 
[Client Component 
Browser]
    ./src/components/
layout/Navbar.module.
scss [Client 
Component Browser]
    ./src/components/
layout/Navbar.tsx 
[Client Component 
Browser]
    ./src/components/
layout/Navbar.tsx 
[Server Component]
    
./src/app/layout.tsx 
[Server Component]


./src/components/layo
ut/Navbar.module.scss
.module.css
Transforming CSS 
failed
Selector "a" is not 
pure. Pure selectors 
must contain at 
least one local 
class or id.

Import trace:
  Client Component 
Browser:
    ./src/components/
layout/Navbar.module.
scss.module.css 
[Client Component 
Browser]
    ./src/components/
layout/Navbar.module.
scss [Client 
Component Browser]
    ./src/components/
layout/Navbar.tsx 
[Client Component 
Browser]
    ./src/components/
layout/Navbar.tsx 
[Server Component]
    
./src/app/layout.tsx 
[Server Component]


./src/components/layo
ut/Navbar.module.scss
.module.css
Transforming CSS 
failed
Selector "abbr:where(
[title])" is not 
pure. Pure selectors 
must contain at 
least one local 
class or id.

Import trace:
  Client Component 
Browser:
    ./src/components/
layout/Navbar.module.
scss.module.css 
[Client Component 
Browser]
    ./src/components/
layout/Navbar.module.
scss [Client 
Component Browser]
    ./src/components/
layout/Navbar.tsx 
[Client Component 
Browser]
    ./src/components/
layout/Navbar.tsx 
[Server Component]
    
./src/app/layout.tsx 
[Server Component]


./src/components/layo
ut/Navbar.module.scss
.module.css
Transforming CSS 
failed
Selector "audio" is 
not pure. Pure 
selectors must 
contain at least one 
local class or id.

Import trace:
  Client Component 
Browser:
    ./src/components/
layout/Navbar.module.
scss.module.css 
[Client Component 
Browser]
    ./src/components/
layout/Navbar.module.
scss [Client 
Component Browser]
    ./src/components/
layout/Navbar.tsx 
[Client Component 
Browser]
    ./src/components/
layout/Navbar.tsx 
[Server Component]
    
./src/app/layout.tsx 
[Server Component]


./src/components/layo
ut/Navbar.module.scss
.module.css
Transforming CSS 
failed
Selector "b" is not 
pure. Pure selectors 
must contain at 
least one local 
class or id.

Import trace:
  Client Component 
Browser:
    ./src/components/
layout/Navbar.module.
scss.module.css 
[Client Component 
Browser]
    ./src/components/
layout/Navbar.module.
scss [Client 
Component Browser]
    ./src/components/
layout/Navbar.tsx 
[Client Component 
Browser]
    ./src/components/
layout/Navbar.tsx 
[Server Component]
    
./src/app/layout.tsx 
[Server Component]


./src/components/layo
ut/Navbar.module.scss
.module.css
Transforming CSS 
failed
Selector "button" is 
not pure. Pure 
selectors must 
contain at least one 
local class or id.

Import trace:
  Client Component 
Browser:
    ./src/components/
layout/Navbar.module.
scss.module.css 
[Client Component 
Browser]
    ./src/components/
layout/Navbar.module.
scss [Client 
Component Browser]
    ./src/components/
layout/Navbar.tsx 
[Client Component 
Browser]
    ./src/components/
layout/Navbar.tsx 
[Server Component]
    
./src/app/layout.tsx 
[Server Component]


./src/components/layo
ut/Navbar.module.scss
.module.css
Transforming CSS 
failed
Selector "canvas" is 
not pure. Pure 
selectors must 
contain at least one 
local class or id.

Import trace:
  Client Component 
Browser:
    ./src/components/
layout/Navbar.module.
scss.module.css 
[Client Component 
Browser]
    ./src/components/
layout/Navbar.module.
scss [Client 
Component Browser]
    ./src/components/
layout/Navbar.tsx 
[Client Component 
Browser]
    ./src/components/
layout/Navbar.tsx 
[Server Component]
    
./src/app/layout.tsx 
[Server Component]


./src/components/layo
ut/Navbar.module.scss
.module.css
Transforming CSS 
failed
Selector "code" is 
not pure. Pure 
selectors must 
contain at least one 
local class or id.

Import trace:
  Client Component 
Browser:
    ./src/components/
layout/Navbar.module.
scss.module.css 
[Client Component 
Browser]
    ./src/components/
layout/Navbar.module.
scss [Client 
Component Browser]
    ./src/components/
layout/Navbar.tsx 
[Client Component 
Browser]
    ./src/components/
layout/Navbar.tsx 
[Server Component]
    
./src/app/layout.tsx 
[Server Component]


./src/components/layo
ut/Navbar.module.scss
.module.css
Transforming CSS 
failed
Selector "embed" is 
not pure. Pure 
selectors must 
contain at least one 
local class or id.

Import trace:
  Client Component 
Browser:
    ./src/components/
layout/Navbar.module.
scss.module.css 
[Client Component 
Browser]
    ./src/components/
layout/Navbar.module.
scss [Client 
Component Browser]
    ./src/components/
layout/Navbar.tsx 
[Client Component 
Browser]
    ./src/components/
layout/Navbar.tsx 
[Server Component]
    
./src/app/layout.tsx 
[Server Component]


./src/components/layo
ut/Navbar.module.scss
.module.css
Transforming CSS 
failed
Selector "h1" is not 
pure. Pure selectors 
must contain at 
least one local 
class or id.

Import trace:
  Client Component 
Browser:
    ./src/components/
layout/Navbar.module.
scss.module.css 
[Client Component 
Browser]
    ./src/components/
layout/Navbar.module.
scss [Client 
Component Browser]
    ./src/components/
layout/Navbar.tsx 
[Client Component 
Browser]
    ./src/components/
layout/Navbar.tsx 
[Server Component]
    
./src/app/layout.tsx 
[Server Component]


./src/components/layo
ut/Navbar.module.scss
.module.css
Transforming CSS 
failed
Selector "h2" is not 
pure. Pure selectors 
must contain at 
least one local 
class or id.

Import trace:
  Client Component 
Browser:
    ./src/components/
layout/Navbar.module.
scss.module.css 
[Client Component 
Browser]
    ./src/components/
layout/Navbar.module.
scss [Client 
Component Browser]
    ./src/components/
layout/Navbar.tsx 
[Client Component 
Browser]
    ./src/components/
layout/Navbar.tsx 
[Server Component]
    
./src/app/layout.tsx 
[Server Component]


./src/components/layo
ut/Navbar.module.scss
.module.css
Transforming CSS 
failed
Selector "h3" is not 
pure. Pure selectors 
must contain at 
least one local 
class or id.

Import trace:
  Client Component 
Browser:
    ./src/components/
layout/Navbar.module.
scss.module.css 
[Client Component 
Browser]
    ./src/components/
layout/Navbar.module.
scss [Client 
Component Browser]
    ./src/components/
layout/Navbar.tsx 
[Client Component 
Browser]
    ./src/components/
layout/Navbar.tsx 
[Server Component]
    
./src/app/layout.tsx 
[Server Component]


./src/components/layo
ut/Navbar.module.scss
.module.css
Transforming CSS 
failed
Selector "h4" is not 
pure. Pure selectors 
must contain at 
least one local 
class or id.

Import trace:
  Client Component 
Browser:
    ./src/components/
layout/Navbar.module.
scss.module.css 
[Client Component 
Browser]
    ./src/components/
layout/Navbar.module.
scss [Client 
Component Browser]
    ./src/components/
layout/Navbar.tsx 
[Client Component 
Browser]
    ./src/components/
layout/Navbar.tsx 
[Server Component]
    
./src/app/layout.tsx 
[Server Component]


./src/components/layo
ut/Navbar.module.scss
.module.css
Transforming CSS 
failed
Selector "h5" is not 
pure. Pure selectors 
must contain at 
least one local 
class or id.

Import trace:
  Client Component 
Browser:
    ./src/components/
layout/Navbar.module.
scss.module.css 
[Client Component 
Browser]
    ./src/components/
layout/Navbar.module.
scss [Client 
Component Browser]
    ./src/components/
layout/Navbar.tsx 
[Client Component 
Browser]
    ./src/components/
layout/Navbar.tsx 
[Server Component]
    
./src/app/layout.tsx 
[Server Component]


./src/components/layo
ut/Navbar.module.scss
.module.css
Transforming CSS 
failed
Selector "h6" is not 
pure. Pure selectors 
must contain at 
least one local 
class or id.

Import trace:
  Client Component 
Browser:
    ./src/components/
layout/Navbar.module.
scss.module.css 
[Client Component 
Browser]
    ./src/components/
layout/Navbar.module.
scss [Client 
Component Browser]
    ./src/components/
layout/Navbar.tsx 
[Client Component 
Browser]
    ./src/components/
layout/Navbar.tsx 
[Server Component]
    
./src/app/layout.tsx 
[Server Component]


./src/components/layo
ut/Navbar.module.scss
.module.css
Transforming CSS 
failed
Selector "hr" is not 
pure. Pure selectors 
must contain at 
least one local 
class or id.

Import trace:
  Client Component 
Browser:
    ./src/components/
layout/Navbar.module.
scss.module.css 
[Client Component 
Browser]
    ./src/components/
layout/Navbar.module.
scss [Client 
Component Browser]
    ./src/components/
layout/Navbar.tsx 
[Client Component 
Browser]
    ./src/components/
layout/Navbar.tsx 
[Server Component]
    
./src/app/layout.tsx 
[Server Component]


./src/components/layo
ut/Navbar.module.scss
.module.css
Transforming CSS 
failed
Selector "iframe" is 
not pure. Pure 
selectors must 
contain at least one 
local class or id.

Import trace:
  Client Component 
Browser:
    ./src/components/
layout/Navbar.module.
scss.module.css 
[Client Component 
Browser]
    ./src/components/
layout/Navbar.module.
scss [Client 
Component Browser]
    ./src/components/
layout/Navbar.tsx 
[Client Component 
Browser]
    ./src/components/
layout/Navbar.tsx 
[Server Component]
    
./src/app/layout.tsx 
[Server Component]


./src/components/layo
ut/Navbar.module.scss
.module.css
Transforming CSS 
failed
Selector "img" is 
not pure. Pure 
selectors must 
contain at least one 
local class or id.

Import trace:
  Client Component 
Browser:
    ./src/components/
layout/Navbar.module.
scss.module.css 
[Client Component 
Browser]
    ./src/components/
layout/Navbar.module.
scss [Client 
Component Browser]
    ./src/components/
layout/Navbar.tsx 
[Client Component 
Browser]
    ./src/components/
layout/Navbar.tsx 
[Server Component]
    
./src/app/layout.tsx 
[Server Component]


./src/components/layo
ut/Navbar.module.scss
.module.css
Transforming CSS 
failed
Selector "input" is 
not pure. Pure 
selectors must 
contain at least one 
local class or id.

Import trace:
  Client Component 
Browser:
    ./src/components/
layout/Navbar.module.
scss.module.css 
[Client Component 
Browser]
    ./src/components/
layout/Navbar.module.
scss [Client 
Component Browser]
    ./src/components/
layout/Navbar.tsx 
[Client Component 
Browser]
    ./src/components/
layout/Navbar.tsx 
[Server Component]
    
./src/app/layout.tsx 
[Server Component]


./src/components/layo
ut/Navbar.module.scss
.module.css
Transforming CSS 
failed
Selector "input:where
([type="button"], 
[type="reset"], 
[type="submit"])" is 
not pure. Pure 
selectors must 
contain at least one 
local class or id.

Import trace:
  Client Component 
Browser:
    ./src/components/
layout/Navbar.module.
scss.module.css 
[Client Component 
Browser]
    ./src/components/
layout/Navbar.module.
scss [Client 
Component Browser]
    ./src/components/
layout/Navbar.tsx 
[Client Component 
Browser]
    ./src/components/
layout/Navbar.tsx 
[Server Component]
    
./src/app/layout.tsx 
[Server Component]


./src/components/layo
ut/Navbar.module.scss
.module.css
Transforming CSS 
failed
Selector "kbd" is 
not pure. Pure 
selectors must 
contain at least one 
local class or id.

Import trace:
  Client Component 
Browser:
    ./src/components/
layout/Navbar.module.
scss.module.css 
[Client Component 
Browser]
    ./src/components/
layout/Navbar.module.
scss [Client 
Component Browser]
    ./src/components/
layout/Navbar.tsx 
[Client Component 
Browser]
    ./src/components/
layout/Navbar.tsx 
[Server Component]
    
./src/app/layout.tsx 
[Server Component]


./src/components/layo
ut/Navbar.module.scss
.module.css
Transforming CSS 
failed
Selector "menu" is 
not pure. Pure 
selectors must 
contain at least one 
local class or id.

Import trace:
  Client Component 
Browser:
    ./src/components/
layout/Navbar.module.
scss.module.css 
[Client Component 
Browser]
    ./src/components/
layout/Navbar.module.
scss [Client 
Component Browser]
    ./src/components/
layout/Navbar.tsx 
[Client Component 
Browser]
    ./src/components/
layout/Navbar.tsx 
[Server Component]
    
./src/app/layout.tsx 
[Server Component]


./src/components/layo
ut/Navbar.module.scss
.module.css
Transforming CSS 
failed
Selector "object" is 
not pure. Pure 
selectors must 
contain at least one 
local class or id.

Import trace:
  Client Component 
Browser:
    ./src/components/
layout/Navbar.module.
scss.module.css 
[Client Component 
Browser]
    ./src/components/
layout/Navbar.module.
scss [Client 
Component Browser]
    ./src/components/
layout/Navbar.tsx 
[Client Component 
Browser]
    ./src/components/
layout/Navbar.tsx 
[Server Component]
    
./src/app/layout.tsx 
[Server Component]


./src/components/layo
ut/Navbar.module.scss
.module.css
Transforming CSS 
failed
Selector "ol" is not 
pure. Pure selectors 
must contain at 
least one local 
class or id.

Import trace:
  Client Component 
Browser:
    ./src/components/
layout/Navbar.module.
scss.module.css 
[Client Component 
Browser]
    ./src/components/
layout/Navbar.module.
scss [Client 
Component Browser]
    ./src/components/
layout/Navbar.tsx 
[Client Component 
Browser]
    ./src/components/
layout/Navbar.tsx 
[Server Component]
    
./src/app/layout.tsx 
[Server Component]


./src/components/layo
ut/Navbar.module.scss
.module.css
Transforming CSS 
failed
Selector "optgroup" 
is not pure. Pure 
selectors must 
contain at least one 
local class or id.

Import trace:
  Client Component 
Browser:
    ./src/components/
layout/Navbar.module.
scss.module.css 
[Client Component 
Browser]
    ./src/components/
layout/Navbar.module.
scss [Client 
Component Browser]
    ./src/components/
layout/Navbar.tsx 
[Client Component 
Browser]
    ./src/components/
layout/Navbar.tsx 
[Server Component]
    
./src/app/layout.tsx 
[Server Component]


./src/components/layo
ut/Navbar.module.scss
.module.css
Transforming CSS 
failed
Selector "pre" is 
not pure. Pure 
selectors must 
contain at least one 
local class or id.

Import trace:
  Client Component 
Browser:
    ./src/components/
layout/Navbar.module.
scss.module.css 
[Client Component 
Browser]
    ./src/components/
layout/Navbar.module.
scss [Client 
Component Browser]
    ./src/components/
layout/Navbar.tsx 
[Client Component 
Browser]
    ./src/components/
layout/Navbar.tsx 
[Server Component]
    
./src/app/layout.tsx 
[Server Component]


./src/components/layo
ut/Navbar.module.scss
.module.css
Transforming CSS 
failed
Selector "progress" 
is not pure. Pure 
selectors must 
contain at least one 
local class or id.

Import trace:
  Client Component 
Browser:
    ./src/components/
layout/Navbar.module.
scss.module.css 
[Client Component 
Browser]
    ./src/components/
layout/Navbar.module.
scss [Client 
Component Browser]
    ./src/components/
layout/Navbar.tsx 
[Client Component 
Browser]
    ./src/components/
layout/Navbar.tsx 
[Server Component]
    
./src/app/layout.tsx 
[Server Component]


./src/components/layo
ut/Navbar.module.scss
.module.css
Transforming CSS 
failed
Selector "samp" is 
not pure. Pure 
selectors must 
contain at least one 
local class or id.

Import trace:
  Client Component 
Browser:
    ./src/components/
layout/Navbar.module.
scss.module.css 
[Client Component 
Browser]
    ./src/components/
layout/Navbar.module.
scss [Client 
Component Browser]
    ./src/components/
layout/Navbar.tsx 
[Client Component 
Browser]
    ./src/components/
layout/Navbar.tsx 
[Server Component]
    
./src/app/layout.tsx 
[Server Component]


./src/components/layo
ut/Navbar.module.scss
.module.css
Transforming CSS 
failed
Selector "select" is 
not pure. Pure 
selectors must 
contain at least one 
local class or id.

Import trace:
  Client Component 
Browser:
    ./src/components/
layout/Navbar.module.
scss.module.css 
[Client Component 
Browser]
    ./src/components/
layout/Navbar.module.
scss [Client 
Component Browser]
    ./src/components/
layout/Navbar.tsx 
[Client Component 
Browser]
    ./src/components/
layout/Navbar.tsx 
[Server Component]
    
./src/app/layout.tsx 
[Server Component]


./src/components/layo
ut/Navbar.module.scss
.module.css
Transforming CSS 
failed
Selector "small" is 
not pure. Pure 
selectors must 
contain at least one 
local class or id.

Import trace:
  Client Component 
Browser:
    ./src/components/
layout/Navbar.module.
scss.module.css 
[Client Component 
Browser]
    ./src/components/
layout/Navbar.module.
scss [Client 
Component Browser]
    ./src/components/
layout/Navbar.tsx 
[Client Component 
Browser]
    ./src/components/
layout/Navbar.tsx 
[Server Component]
    
./src/app/layout.tsx 
[Server Component]


./src/components/layo
ut/Navbar.module.scss
.module.css
Transforming CSS 
failed
Selector "strong" is 
not pure. Pure 
selectors must 
contain at least one 
local class or id.

Import trace:
  Client Component 
Browser:
    ./src/components/
layout/Navbar.module.
scss.module.css 
[Client Component 
Browser]
    ./src/components/
layout/Navbar.module.
scss [Client 
Component Browser]
    ./src/components/
layout/Navbar.tsx 
[Client Component 
Browser]
    ./src/components/
layout/Navbar.tsx 
[Server Component]
    
./src/app/layout.tsx 
[Server Component]


./src/components/layo
ut/Navbar.module.scss
.module.css
Transforming CSS 
failed
Selector "sub" is 
not pure. Pure 
selectors must 
contain at least one 
local class or id.

Import trace:
  Client Component 
Browser:
    ./src/components/
layout/Navbar.module.
scss.module.css 
[Client Component 
Browser]
    ./src/components/
layout/Navbar.module.
scss [Client 
Component Browser]
    ./src/components/
layout/Navbar.tsx 
[Client Component 
Browser]
    ./src/components/
layout/Navbar.tsx 
[Server Component]
    
./src/app/layout.tsx 
[Server Component]


./src/components/layo
ut/Navbar.module.scss
.module.css
Transforming CSS 
failed
Selector "summary" 
is not pure. Pure 
selectors must 
contain at least one 
local class or id.

Import trace:
  Client Component 
Browser:
    ./src/components/
layout/Navbar.module.
scss.module.css 
[Client Component 
Browser]
    ./src/components/
layout/Navbar.module.
scss [Client 
Component Browser]
    ./src/components/
layout/Navbar.tsx 
[Client Component 
Browser]
    ./src/components/
layout/Navbar.tsx 
[Server Component]
    
./src/app/layout.tsx 
[Server Component]


./src/components/layo
ut/Navbar.module.scss
.module.css
Transforming CSS 
failed
Selector "sup" is 
not pure. Pure 
selectors must 
contain at least one 
local class or id.

Import trace:
  Client Component 
Browser:
    ./src/components/
layout/Navbar.module.
scss.module.css 
[Client Component 
Browser]
    ./src/components/
layout/Navbar.module.
scss [Client 
Component Browser]
    ./src/components/
layout/Navbar.tsx 
[Client Component 
Browser]
    ./src/components/
layout/Navbar.tsx 
[Server Component]
    
./src/app/layout.tsx 
[Server Component]


./src/components/layo
ut/Navbar.module.scss
.module.css
Transforming CSS 
failed
Selector "svg" is 
not pure. Pure 
selectors must 
contain at least one 
local class or id.

Import trace:
  Client Component 
Browser:
    ./src/components/
layout/Navbar.module.
scss.module.css 
[Client Component 
Browser]
    ./src/components/
layout/Navbar.module.
scss [Client 
Component Browser]
    ./src/components/
layout/Navbar.tsx 
[Client Component 
Browser]
    ./src/components/
layout/Navbar.tsx 
[Server Component]
    
./src/app/layout.tsx 
[Server Component]


./src/components/layo
ut/Navbar.module.scss
.module.css
Transforming CSS 
failed
Selector "table" is 
not pure. Pure 
selectors must 
contain at least one 
local class or id.

Import trace:
  Client Component 
Browser:
    ./src/components/
layout/Navbar.module.
scss.module.css 
[Client Component 
Browser]
    ./src/components/
layout/Navbar.module.
scss [Client 
Component Browser]
    ./src/components/
layout/Navbar.tsx 
[Client Component 
Browser]
    ./src/components/
layout/Navbar.tsx 
[Server Component]
    
./src/app/layout.tsx 
[Server Component]


./src/components/layo
ut/Navbar.module.scss
.module.css
Transforming CSS 
failed
Selector "textarea" 
is not pure. Pure 
selectors must 
contain at least one 
local class or id.

Import trace:
  Client Component 
Browser:
    ./src/components/
layout/Navbar.module.
scss.module.css 
[Client Component 
Browser]
    ./src/components/
layout/Navbar.module.
scss [Client 
Component Browser]
    ./src/components/
layout/Navbar.tsx 
[Client Component 
Browser]
    ./src/components/
layout/Navbar.tsx 
[Server Component]
    
./src/app/layout.tsx 
[Server Component]


./src/components/layo
ut/Navbar.module.scss
.module.css
Transforming CSS 
failed
Selector "ul" is not 
pure. Pure selectors 
must contain at 
least one local 
class or id.

Import trace:
  Client Component 
Browser:
    ./src/components/
layout/Navbar.module.
scss.module.css 
[Client Component 
Browser]
    ./src/components/
layout/Navbar.module.
scss [Client 
Component Browser]
    ./src/components/
layout/Navbar.tsx 
[Client Component 
Browser]
    ./src/components/
layout/Navbar.tsx 
[Server Component]
    
./src/app/layout.tsx 
[Server Component]


./src/components/layo
ut/Navbar.module.scss
.module.css
Transforming CSS 
failed
Selector "video" is 
not pure. Pure 
selectors must 
contain at least one 
local class or id.

Import trace:
  Client Component 
Browser:
    ./src/components/
layout/Navbar.module.
scss.module.css 
[Client Component 
Browser]
    ./src/components/
layout/Navbar.module.
scss [Client 
Component Browser]
    ./src/components/
layout/Navbar.tsx 
[Client Component 
Browser]
    ./src/components/
layout/Navbar.tsx 
[Server Component]
    
./src/app/layout.tsx 
[Server Component]


./src/components/sect
ions/About.module.scs
s.module.css
Transforming CSS 
failed
Selector "*" is not 
pure. Pure selectors 
must contain at 
least one local 
class or id.

Import trace:
  Client Component 
Browser:
    ./src/components/
sections/About.module
.scss.module.css 
[Client Component 
Browser]
    ./src/components/
sections/About.module
.scss [Client 
Component Browser]
    ./src/components/
sections/About.tsx 
[Client Component 
Browser]
    ./src/components/
sections/About.tsx 
[Server Component]
    
./src/app/page.tsx 
[Server Component]


./src/components/sect
ions/About.module.scs
s.module.css
Transforming CSS 
failed
Selector "[hidden]:wh
ere(:not([hidden="unt
il-found"]))" is not 
pure. Pure selectors 
must contain at 
least one local 
class or id.

Import trace:
  Client Component 
Browser:
    ./src/components/
sections/About.module
.scss.module.css 
[Client Component 
Browser]
    ./src/components/
sections/About.module
.scss [Client 
Component Browser]
    ./src/components/
sections/About.tsx 
[Client Component 
Browser]
    ./src/components/
sections/About.tsx 
[Server Component]
    
./src/app/page.tsx 
[Server Component]


./src/components/sect
ions/About.module.scs
s.module.css
Transforming CSS 
failed
Selector "a" is not 
pure. Pure selectors 
must contain at 
least one local 
class or id.

Import trace:
  Client Component 
Browser:
    ./src/components/
sections/About.module
.scss.module.css 
[Client Component 
Browser]
    ./src/components/
sections/About.module
.scss [Client 
Component Browser]
    ./src/components/
sections/About.tsx 
[Client Component 
Browser]
    ./src/components/
sections/About.tsx 
[Server Component]
    
./src/app/page.tsx 
[Server Component]


./src/components/sect
ions/About.module.scs
s.module.css
Transforming CSS 
failed
Selector "abbr:where(
[title])" is not 
pure. Pure selectors 
must contain at 
least one local 
class or id.

Import trace:
  Client Component 
Browser:
    ./src/components/
sections/About.module
.scss.module.css 
[Client Component 
Browser]
    ./src/components/
sections/About.module
.scss [Client 
Component Browser]
    ./src/components/
sections/About.tsx 
[Client Component 
Browser]
    ./src/components/
sections/About.tsx 
[Server Component]
    
./src/app/page.tsx 
[Server Component]


./src/components/sect
ions/About.module.scs
s.module.css
Transforming CSS 
failed
Selector "audio" is 
not pure. Pure 
selectors must 
contain at least one 
local class or id.

Import trace:
  Client Component 
Browser:
    ./src/components/
sections/About.module
.scss.module.css 
[Client Component 
Browser]
    ./src/components/
sections/About.module
.scss [Client 
Component Browser]
    ./src/components/
sections/About.tsx 
[Client Component 
Browser]
    ./src/components/
sections/About.tsx 
[Server Component]
    
./src/app/page.tsx 
[Server Component]


./src/components/sect
ions/About.module.scs
s.module.css
Transforming CSS 
failed
Selector "b" is not 
pure. Pure selectors 
must contain at 
least one local 
class or id.

Import trace:
  Client Component 
Browser:
    ./src/components/
sections/About.module
.scss.module.css 
[Client Component 
Browser]
    ./src/components/
sections/About.module
.scss [Client 
Component Browser]
    ./src/components/
sections/About.tsx 
[Client Component 
Browser]
    ./src/components/
sections/About.tsx 
[Server Component]
    
./src/app/page.tsx 
[Server Component]


./src/components/sect
ions/About.module.scs
s.module.css
Transforming CSS 
failed
Selector "button" is 
not pure. Pure 
selectors must 
contain at least one 
local class or id.

Import trace:
  Client Component 
Browser:
    ./src/components/
sections/About.module
.scss.module.css 
[Client Component 
Browser]
    ./src/components/
sections/About.module
.scss [Client 
Component Browser]
    ./src/components/
sections/About.tsx 
[Client Component 
Browser]
    ./src/components/
sections/About.tsx 
[Server Component]
    
./src/app/page.tsx 
[Server Component]


./src/components/sect
ions/About.module.scs
s.module.css
Transforming CSS 
failed
Selector "canvas" is 
not pure. Pure 
selectors must 
contain at least one 
local class or id.

Import trace:
  Client Component 
Browser:
    ./src/components/
sections/About.module
.scss.module.css 
[Client Component 
Browser]
    ./src/components/
sections/About.module
.scss [Client 
Component Browser]
    ./src/components/
sections/About.tsx 
[Client Component 
Browser]
    ./src/components/
sections/About.tsx 
[Server Component]
    
./src/app/page.tsx 
[Server Component]


./src/components/sect
ions/About.module.scs
s.module.css
Transforming CSS 
failed
Selector "code" is 
not pure. Pure 
selectors must 
contain at least one 
local class or id.

Import trace:
  Client Component 
Browser:
    ./src/components/
sections/About.module
.scss.module.css 
[Client Component 
Browser]
    ./src/components/
sections/About.module
.scss [Client 
Component Browser]
    ./src/components/
sections/About.tsx 
[Client Component 
Browser]
    ./src/components/
sections/About.tsx 
[Server Component]
    
./src/app/page.tsx 
[Server Component]


./src/components/sect
ions/About.module.scs
s.module.css
Transforming CSS 
failed
Selector "embed" is 
not pure. Pure 
selectors must 
contain at least one 
local class or id.

Import trace:
  Client Component 
Browser:
    ./src/components/
sections/About.module
.scss.module.css 
[Client Component 
Browser]
    ./src/components/
sections/About.module
.scss [Client 
Component Browser]
    ./src/components/
sections/About.tsx 
[Client Component 
Browser]
    ./src/components/
sections/About.tsx 
[Server Component]
    
./src/app/page.tsx 
[Server Component]


./src/components/sect
ions/About.module.scs
s.module.css
Transforming CSS 
failed
Selector "h1" is not 
pure. Pure selectors 
must contain at 
least one local 
class or id.

Import trace:
  Client Component 
Browser:
    ./src/components/
sections/About.module
.scss.module.css 
[Client Component 
Browser]
    ./src/components/
sections/About.module
.scss [Client 
Component Browser]
    ./src/components/
sections/About.tsx 
[Client Component 
Browser]
    ./src/components/
sections/About.tsx 
[Server Component]
    
./src/app/page.tsx 
[Server Component]


./src/components/sect
ions/About.module.scs
s.module.css
Transforming CSS 
failed
Selector "h2" is not 
pure. Pure selectors 
must contain at 
least one local 
class or id.

Import trace:
  Client Component 
Browser:
    ./src/components/
sections/About.module
.scss.module.css 
[Client Component 
Browser]
    ./src/components/
sections/About.module
.scss [Client 
Component Browser]
    ./src/components/
sections/About.tsx 
[Client Component 
Browser]
    ./src/components/
sections/About.tsx 
[Server Component]
    
./src/app/page.tsx 
[Server Component]


./src/components/sect
ions/About.module.scs
s.module.css
Transforming CSS 
failed
Selector "h3" is not 
pure. Pure selectors 
must contain at 
least one local 
class or id.

Import trace:
  Client Component 
Browser:
    ./src/components/
sections/About.module
.scss.module.css 
[Client Component 
Browser]
    ./src/components/
sections/About.module
.scss [Client 
Component Browser]
    ./src/components/
sections/About.tsx 
[Client Component 
Browser]
    ./src/components/
sections/About.tsx 
[Server Component]
    
./src/app/page.tsx 
[Server Component]


./src/components/sect
ions/About.module.scs
s.module.css
Transforming CSS 
failed
Selector "h4" is not 
pure. Pure selectors 
must contain at 
least one local 
class or id.

Import trace:
  Client Component 
Browser:
    ./src/components/
sections/About.module
.scss.module.css 
[Client Component 
Browser]
    ./src/components/
sections/About.module
.scss [Client 
Component Browser]
    ./src/components/
sections/About.tsx 
[Client Component 
Browser]
    ./src/components/
sections/About.tsx 
[Server Component]
    
./src/app/page.tsx 
[Server Component]


./src/components/sect
ions/About.module.scs
s.module.css
Transforming CSS 
failed
Selector "h5" is not 
pure. Pure selectors 
must contain at 
least one local 
class or id.

Import trace:
  Client Component 
Browser:
    ./src/components/
sections/About.module
.scss.module.css 
[Client Component 
Browser]
    ./src/components/
sections/About.module
.scss [Client 
Component Browser]
    ./src/components/
sections/About.tsx 
[Client Component 
Browser]
    ./src/components/
sections/About.tsx 
[Server Component]
    
./src/app/page.tsx 
[Server Component]


./src/components/sect
ions/About.module.scs
s.module.css
Transforming CSS 
failed
Selector "h6" is not 
pure. Pure selectors 
must contain at 
least one local 
class or id.

Import trace:
  Client Component 
Browser:
    ./src/components/
sections/About.module
.scss.module.css 
[Client Component 
Browser]
    ./src/components/
sections/About.module
.scss [Client 
Component Browser]
    ./src/components/
sections/About.tsx 
[Client Component 
Browser]
    ./src/components/
sections/About.tsx 
[Server Component]
    
./src/app/page.tsx 
[Server Component]


./src/components/sect
ions/About.module.scs
s.module.css
Transforming CSS 
failed
Selector "hr" is not 
pure. Pure selectors 
must contain at 
least one local 
class or id.

Import trace:
  Client Component 
Browser:
    ./src/components/
sections/About.module
.scss.module.css 
[Client Component 
Browser]
    ./src/components/
sections/About.module
.scss [Client 
Component Browser]
    ./src/components/
sections/About.tsx 
[Client Component 
Browser]
    ./src/components/
sections/About.tsx 
[Server Component]
    
./src/app/page.tsx 
[Server Component]


./src/components/sect
ions/About.module.scs
s.module.css
Transforming CSS 
failed
Selector "iframe" is 
not pure. Pure 
selectors must 
contain at least one 
local class or id.

Import trace:
  Client Component 
Browser:
    ./src/components/
sections/About.module
.scss.module.css 
[Client Component 
Browser]
    ./src/components/
sections/About.module
.scss [Client 
Component Browser]
    ./src/components/
sections/About.tsx 
[Client Component 
Browser]
    ./src/components/
sections/About.tsx 
[Server Component]
    
./src/app/page.tsx 
[Server Component]


./src/components/sect
ions/About.module.scs
s.module.css
Transforming CSS 
failed
Selector "img" is 
not pure. Pure 
selectors must 
contain at least one 
local class or id.

Import trace:
  Client Component 
Browser:
    ./src/components/
sections/About.module
.scss.module.css 
[Client Component 
Browser]
    ./src/components/
sections/About.module
.scss [Client 
Component Browser]
    ./src/components/
sections/About.tsx 
[Client Component 
Browser]
    ./src/components/
sections/About.tsx 
[Server Component]
    
./src/app/page.tsx 
[Server Component]


./src/components/sect
ions/About.module.scs
s.module.css
Transforming CSS 
failed
Selector "input" is 
not pure. Pure 
selectors must 
contain at least one 
local class or id.

Import trace:
  Client Component 
Browser:
    ./src/components/
sections/About.module
.scss.module.css 
[Client Component 
Browser]
    ./src/components/
sections/About.module
.scss [Client 
Component Browser]
    ./src/components/
sections/About.tsx 
[Client Component 
Browser]
    ./src/components/
sections/About.tsx 
[Server Component]
    
./src/app/page.tsx 
[Server Component]


./src/components/sect
ions/About.module.scs
s.module.css
Transforming CSS 
failed
Selector "input:where
([type="button"], 
[type="reset"], 
[type="submit"])" is 
not pure. Pure 
selectors must 
contain at least one 
local class or id.

Import trace:
  Client Component 
Browser:
    ./src/components/
sections/About.module
.scss.module.css 
[Client Component 
Browser]
    ./src/components/
sections/About.module
.scss [Client 
Component Browser]
    ./src/components/
sections/About.tsx 
[Client Component 
Browser]
    ./src/components/
sections/About.tsx 
[Server Component]
    
./src/app/page.tsx 
[Server Component]


./src/components/sect
ions/About.module.scs
s.module.css
Transforming CSS 
failed
Selector "kbd" is 
not pure. Pure 
selectors must 
contain at least one 
local class or id.

Import trace:
  Client Component 
Browser:
    ./src/components/
sections/About.module
.scss.module.css 
[Client Component 
Browser]
    ./src/components/
sections/About.module
.scss [Client 
Component Browser]
    ./src/components/
sections/About.tsx 
[Client Component 
Browser]
    ./src/components/
sections/About.tsx 
[Server Component]
    
./src/app/page.tsx 
[Server Component]


./src/components/sect
ions/About.module.scs
s.module.css
Transforming CSS 
failed
Selector "menu" is 
not pure. Pure 
selectors must 
contain at least one 
local class or id.

Import trace:
  Client Component 
Browser:
    ./src/components/
sections/About.module
.scss.module.css 
[Client Component 
Browser]
    ./src/components/
sections/About.module
.scss [Client 
Component Browser]
    ./src/components/
sections/About.tsx 
[Client Component 
Browser]
    ./src/components/
sections/About.tsx 
[Server Component]
    
./src/app/page.tsx 
[Server Component]


./src/components/sect
ions/About.module.scs
s.module.css
Transforming CSS 
failed
Selector "object" is 
not pure. Pure 
selectors must 
contain at least one 
local class or id.

Import trace:
  Client Component 
Browser:
    ./src/components/
sections/About.module
.scss.module.css 
[Client Component 
Browser]
    ./src/components/
sections/About.module
.scss [Client 
Component Browser]
    ./src/components/
sections/About.tsx 
[Client Component 
Browser]
    ./src/components/
sections/About.tsx 
[Server Component]
    
./src/app/page.tsx 
[Server Component]


./src/components/sect
ions/About.module.scs
s.module.css
Transforming CSS 
failed
Selector "ol" is not 
pure. Pure selectors 
must contain at 
least one local 
class or id.

Import trace:
  Client Component 
Browser:
    ./src/components/
sections/About.module
.scss.module.css 
[Client Component 
Browser]
    ./src/components/
sections/About.module
.scss [Client 
Component Browser]
    ./src/components/
sections/About.tsx 
[Client Component 
Browser]
    ./src/components/
sections/About.tsx 
[Server Component]
    
./src/app/page.tsx 
[Server Component]


./src/components/sect
ions/About.module.scs
s.module.css
Transforming CSS 
failed
Selector "optgroup" 
is not pure. Pure 
selectors must 
contain at least one 
local class or id.

Import trace:
  Client Component 
Browser:
    ./src/components/
sections/About.module
.scss.module.css 
[Client Component 
Browser]
    ./src/components/
sections/About.module
.scss [Client 
Component Browser]
    ./src/components/
sections/About.tsx 
[Client Component 
Browser]
    ./src/components/
sections/About.tsx 
[Server Component]
    
./src/app/page.tsx 
[Server Component]


./src/components/sect
ions/About.module.scs
s.module.css
Transforming CSS 
failed
Selector "pre" is 
not pure. Pure 
selectors must 
contain at least one 
local class or id.

Import trace:
  Client Component 
Browser:
    ./src/components/
sections/About.module
.scss.module.css 
[Client Component 
Browser]
    ./src/components/
sections/About.module
.scss [Client 
Component Browser]
    ./src/components/
sections/About.tsx 
[Client Component 
Browser]
    ./src/components/
sections/About.tsx 
[Server Component]
    
./src/app/page.tsx 
[Server Component]


./src/components/sect
ions/About.module.scs
s.module.css
Transforming CSS 
failed
Selector "progress" 
is not pure. Pure 
selectors must 
contain at least one 
local class or id.

Import trace:
  Client Component 
Browser:
    ./src/components/
sections/About.module
.scss.module.css 
[Client Component 
Browser]
    ./src/components/
sections/About.module
.scss [Client 
Component Browser]
    ./src/components/
sections/About.tsx 
[Client Component 
Browser]
    ./src/components/
sections/About.tsx 
[Server Component]
    
./src/app/page.tsx 
[Server Component]


./src/components/sect
ions/About.module.scs
s.module.css
Transforming CSS 
failed
Selector "samp" is 
not pure. Pure 
selectors must 
contain at least one 
local class or id.

Import trace:
  Client Component 
Browser:
    ./src/components/
sections/About.module
.scss.module.css 
[Client Component 
Browser]
    ./src/components/
sections/About.module
.scss [Client 
Component Browser]
    ./src/components/
sections/About.tsx 
[Client Component 
Browser]
    ./src/components/
sections/About.tsx 
[Server Component]
    
./src/app/page.tsx 
[Server Component]


./src/components/sect
ions/About.module.scs
s.module.css
Transforming CSS 
failed
Selector "select" is 
not pure. Pure 
selectors must 
contain at least one 
local class or id.

Import trace:
  Client Component 
Browser:
    ./src/components/
sections/About.module
.scss.module.css 
[Client Component 
Browser]
    ./src/components/
sections/About.module
.scss [Client 
Component Browser]
    ./src/components/
sections/About.tsx 
[Client Component 
Browser]
    ./src/components/
sections/About.tsx 
[Server Component]
    
./src/app/page.tsx 
[Server Component]


./src/components/sect
ions/About.module.scs
s.module.css
Transforming CSS 
failed
Selector "small" is 
not pure. Pure 
selectors must 
contain at least one 
local class or id.

Import trace:
  Client Component 
Browser:
    ./src/components/
sections/About.module
.scss.module.css 
[Client Component 
Browser]
    ./src/components/
sections/About.module
.scss [Client 
Component Browser]
    ./src/components/
sections/About.tsx 
[Client Component 
Browser]
    ./src/components/
sections/About.tsx 
[Server Component]
    
./src/app/page.tsx 
[Server Component]


./src/components/sect
ions/About.module.scs
s.module.css
Transforming CSS 
failed
Selector "strong" is 
not pure. Pure 
selectors must 
contain at least one 
local class or id.

Import trace:
  Client Component 
Browser:
    ./src/components/
sections/About.module
.scss.module.css 
[Client Component 
Browser]
    ./src/components/
sections/About.module
.scss [Client 
Component Browser]
    ./src/components/
sections/About.tsx 
[Client Component 
Browser]
    ./src/components/
sections/About.tsx 
[Server Component]
    
./src/app/page.tsx 
[Server Component]


./src/components/sect
ions/About.module.scs
s.module.css
Transforming CSS 
failed
Selector "sub" is 
not pure. Pure 
selectors must 
contain at least one 
local class or id.

Import trace:
  Client Component 
Browser:
    ./src/components/
sections/About.module
.scss.module.css 
[Client Component 
Browser]
    ./src/components/
sections/About.module
.scss [Client 
Component Browser]
    ./src/components/
sections/About.tsx 
[Client Component 
Browser]
    ./src/components/
sections/About.tsx 
[Server Component]
    
./src/app/page.tsx 
[Server Component]


./src/components/sect
ions/About.module.scs
s.module.css
Transforming CSS 
failed
Selector "summary" 
is not pure. Pure 
selectors must 
contain at least one 
local class or id.

Import trace:
  Client Component 
Browser:
    ./src/components/
sections/About.module
.scss.module.css 
[Client Component 
Browser]
    ./src/components/
sections/About.module
.scss [Client 
Component Browser]
    ./src/components/
sections/About.tsx 
[Client Component 
Browser]
    ./src/components/
sections/About.tsx 
[Server Component]
    
./src/app/page.tsx 
[Server Component]


./src/components/sect
ions/About.module.scs
s.module.css
Transforming CSS 
failed
Selector "sup" is 
not pure. Pure 
selectors must 
contain at least one 
local class or id.

Import trace:
  Client Component 
Browser:
    ./src/components/
sections/About.module
.scss.module.css 
[Client Component 
Browser]
    ./src/components/
sections/About.module
.scss [Client 
Component Browser]
    ./src/components/
sections/About.tsx 
[Client Component 
Browser]
    ./src/components/
sections/About.tsx 
[Server Component]
    
./src/app/page.tsx 
[Server Component]


./src/components/sect
ions/About.module.scs
s.module.css
Transforming CSS 
failed
Selector "svg" is 
not pure. Pure 
selectors must 
contain at least one 
local class or id.

Import trace:
  Client Component 
Browser:
    ./src/components/
sections/About.module
.scss.module.css 
[Client Component 
Browser]
    ./src/components/
sections/About.module
.scss [Client 
Component Browser]
    ./src/components/
sections/About.tsx 
[Client Component 
Browser]
    ./src/components/
sections/About.tsx 
[Server Component]
    
./src/app/page.tsx 
[Server Component]


./src/components/sect
ions/About.module.scs
s.module.css
Transforming CSS 
failed
Selector "table" is 
not pure. Pure 
selectors must 
contain at least one 
local class or id.

Import trace:
  Client Component 
Browser:
    ./src/components/
sections/About.module
.scss.module.css 
[Client Component 
Browser]
    ./src/components/
sections/About.module
.scss [Client 
Component Browser]
    ./src/components/
sections/About.tsx 
[Client Component 
Browser]
    ./src/components/
sections/About.tsx 
[Server Component]
    
./src/app/page.tsx 
[Server Component]


./src/components/sect
ions/About.module.scs
s.module.css
Transforming CSS 
failed
Selector "textarea" 
is not pure. Pure 
selectors must 
contain at least one 
local class or id.

Import trace:
  Client Component 
Browser:
    ./src/components/
sections/About.module
.scss.module.css 
[Client Component 
Browser]
    ./src/components/
sections/About.module
.scss [Client 
Component Browser]
    ./src/components/
sections/About.tsx 
[Client Component 
Browser]
    ./src/components/
sections/About.tsx 
[Server Component]
    
./src/app/page.tsx 
[Server Component]


./src/components/sect
ions/About.module.scs
s.module.css
Transforming CSS 
failed
Selector "ul" is not 
pure. Pure selectors 
must contain at 
least one local 
class or id.

Import trace:
  Client Component 
Browser:
    ./src/components/
sections/About.module
.scss.module.css 
[Client Component 
Browser]
    ./src/components/
sections/About.module
.scss [Client 
Component Browser]
    ./src/components/
sections/About.tsx 
[Client Component 
Browser]
    ./src/components/
sections/About.tsx 
[Server Component]
    
./src/app/page.tsx 
[Server Component]


./src/components/sect
ions/About.module.scs
s.module.css
Transforming CSS 
failed
Selector "video" is 
not pure. Pure 
selectors must 
contain at least one 
local class or id.

Import trace:
  Client Component 
Browser:
    ./src/components/
sections/About.module
.scss.module.css 
[Client Component 
Browser]
    ./src/components/
sections/About.module
.scss [Client 
Component Browser]
    ./src/components/
sections/About.tsx 
[Client Component 
Browser]
    ./src/components/
sections/About.tsx 
[Server Component]
    
./src/app/page.tsx 
[Server Component]


./src/components/sect
ions/Contact.module.s
css.module.css
Transforming CSS 
failed
Selector "*" is not 
pure. Pure selectors 
must contain at 
least one local 
class or id.

Import trace:
  Client Component 
Browser:
    ./src/components/
sections/Contact.modu
le.scss.module.css 
[Client Component 
Browser]
    ./src/components/
sections/Contact.modu
le.scss [Client 
Component Browser]
    ./src/components/
sections/Contact.tsx 
[Client Component 
Browser]
    ./src/components/
sections/Contact.tsx 
[Server Component]
    
./src/app/page.tsx 
[Server Component]


./src/components/sect
ions/Contact.module.s
css.module.css
Transforming CSS 
failed
Selector "[hidden]:wh
ere(:not([hidden="unt
il-found"]))" is not 
pure. Pure selectors 
must contain at 
least one local 
class or id.

Import trace:
  Client Component 
Browser:
    ./src/components/
sections/Contact.modu
le.scss.module.css 
[Client Component 
Browser]
    ./src/components/
sections/Contact.modu
le.scss [Client 
Component Browser]
    ./src/components/
sections/Contact.tsx 
[Client Component 
Browser]
    ./src/components/
sections/Contact.tsx 
[Server Component]
    
./src/app/page.tsx 
[Server Component]


./src/components/sect
ions/Contact.module.s
css.module.css
Transforming CSS 
failed
Selector "a" is not 
pure. Pure selectors 
must contain at 
least one local 
class or id.

Import trace:
  Client Component 
Browser:
    ./src/components/
sections/Contact.modu
le.scss.module.css 
[Client Component 
Browser]
    ./src/components/
sections/Contact.modu
le.scss [Client 
Component Browser]
    ./src/components/
sections/Contact.tsx 
[Client Component 
Browser]
    ./src/components/
sections/Contact.tsx 
[Server Component]
    
./src/app/page.tsx 
[Server Component]


./src/components/sect
ions/Contact.module.s
css.module.css
Transforming CSS 
failed
Selector "abbr:where(
[title])" is not 
pure. Pure selectors 
must contain at 
least one local 
class or id.

Import trace:
  Client Component 
Browser:
    ./src/components/
sections/Contact.modu
le.scss.module.css 
[Client Component 
Browser]
    ./src/components/
sections/Contact.modu
le.scss [Client 
Component Browser]
    ./src/components/
sections/Contact.tsx 
[Client Component 
Browser]
    ./src/components/
sections/Contact.tsx 
[Server Component]
    
./src/app/page.tsx 
[Server Component]


./src/components/sect
ions/Contact.module.s
css.module.css
Transforming CSS 
failed
Selector "audio" is 
not pure. Pure 
selectors must 
contain at least one 
local class or id.

Import trace:
  Client Component 
Browser:
    ./src/components/
sections/Contact.modu
le.scss.module.css 
[Client Component 
Browser]
    ./src/components/
sections/Contact.modu
le.scss [Client 
Component Browser]
    ./src/components/
sections/Contact.tsx 
[Client Component 
Browser]
    ./src/components/
sections/Contact.tsx 
[Server Component]
    
./src/app/page.tsx 
[Server Component]


./src/components/sect
ions/Contact.module.s
css.module.css
Transforming CSS 
failed
Selector "b" is not 
pure. Pure selectors 
must contain at 
least one local 
class or id.

Import trace:
  Client Component 
Browser:
    ./src/components/
sections/Contact.modu
le.scss.module.css 
[Client Component 
Browser]
    ./src/components/
sections/Contact.modu
le.scss [Client 
Component Browser]
    ./src/components/
sections/Contact.tsx 
[Client Component 
Browser]
    ./src/components/
sections/Contact.tsx 
[Server Component]
    
./src/app/page.tsx 
[Server Component]


./src/components/sect
ions/Contact.module.s
css.module.css
Transforming CSS 
failed
Selector "button" is 
not pure. Pure 
selectors must 
contain at least one 
local class or id.

Import trace:
  Client Component 
Browser:
    ./src/components/
sections/Contact.modu
le.scss.module.css 
[Client Component 
Browser]
    ./src/components/
sections/Contact.modu
le.scss [Client 
Component Browser]
    ./src/components/
sections/Contact.tsx 
[Client Component 
Browser]
    ./src/components/
sections/Contact.tsx 
[Server Component]
    
./src/app/page.tsx 
[Server Component]


./src/components/sect
ions/Contact.module.s
css.module.css
Transforming CSS 
failed
Selector "canvas" is 
not pure. Pure 
selectors must 
contain at least one 
local class or id.

Import trace:
  Client Component 
Browser:
    ./src/components/
sections/Contact.modu
le.scss.module.css 
[Client Component 
Browser]
    ./src/components/
sections/Contact.modu
le.scss [Client 
Component Browser]
    ./src/components/
sections/Contact.tsx 
[Client Component 
Browser]
    ./src/components/
sections/Contact.tsx 
[Server Component]
    
./src/app/page.tsx 
[Server Component]


./src/components/sect
ions/Contact.module.s
css.module.css
Transforming CSS 
failed
Selector "code" is 
not pure. Pure 
selectors must 
contain at least one 
local class or id.

Import trace:
  Client Component 
Browser:
    ./src/components/
sections/Contact.modu
le.scss.module.css 
[Client Component 
Browser]
    ./src/components/
sections/Contact.modu
le.scss [Client 
Component Browser]
    ./src/components/
sections/Contact.tsx 
[Client Component 
Browser]
    ./src/components/
sections/Contact.tsx 
[Server Component]
    
./src/app/page.tsx 
[Server Component]


./src/components/sect
ions/Contact.module.s
css.module.css
Transforming CSS 
failed
Selector "embed" is 
not pure. Pure 
selectors must 
contain at least one 
local class or id.

Import trace:
  Client Component 
Browser:
    ./src/components/
sections/Contact.modu
le.scss.module.css 
[Client Component 
Browser]
    ./src/components/
sections/Contact.modu
le.scss [Client 
Component Browser]
    ./src/components/
sections/Contact.tsx 
[Client Component 
Browser]
    ./src/components/
sections/Contact.tsx 
[Server Component]
    
./src/app/page.tsx 
[Server Component]


./src/components/sect
ions/Contact.module.s
css.module.css
Transforming CSS 
failed
Selector "h1" is not 
pure. Pure selectors 
must contain at 
least one local 
class or id.

Import trace:
  Client Component 
Browser:
    ./src/components/
sections/Contact.modu
le.scss.module.css 
[Client Component 
Browser]
    ./src/components/
sections/Contact.modu
le.scss [Client 
Component Browser]
    ./src/components/
sections/Contact.tsx 
[Client Component 
Browser]
    ./src/components/
sections/Contact.tsx 
[Server Component]
    
./src/app/page.tsx 
[Server Component]


./src/components/sect
ions/Contact.module.s
css.module.css
Transforming CSS 
failed
Selector "h2" is not 
pure. Pure selectors 
must contain at 
least one local 
class or id.

Import trace:
  Client Component 
Browser:
    ./src/components/
sections/Contact.modu
le.scss.module.css 
[Client Component 
Browser]
    ./src/components/
sections/Contact.modu
le.scss [Client 
Component Browser]
    ./src/components/
sections/Contact.tsx 
[Client Component 
Browser]
    ./src/components/
sections/Contact.tsx 
[Server Component]
    
./src/app/page.tsx 
[Server Component]


./src/components/sect
ions/Contact.module.s
css.module.css
Transforming CSS 
failed
Selector "h3" is not 
pure. Pure selectors 
must contain at 
least one local 
class or id.

Import trace:
  Client Component 
Browser:
    ./src/components/
sections/Contact.modu
le.scss.module.css 
[Client Component 
Browser]
    ./src/components/
sections/Contact.modu
le.scss [Client 
Component Browser]
    ./src/components/
sections/Contact.tsx 
[Client Component 
Browser]
    ./src/components/
sections/Contact.tsx 
[Server Component]
    
./src/app/page.tsx 
[Server Component]


./src/components/sect
ions/Contact.module.s
css.module.css
Transforming CSS 
failed
Selector "h4" is not 
pure. Pure selectors 
must contain at 
least one local 
class or id.

Import trace:
  Client Component 
Browser:
    ./src/components/
sections/Contact.modu
le.scss.module.css 
[Client Component 
Browser]
    ./src/components/
sections/Contact.modu
le.scss [Client 
Component Browser]
    ./src/components/
sections/Contact.tsx 
[Client Component 
Browser]
    ./src/components/
sections/Contact.tsx 
[Server Component]
    
./src/app/page.tsx 
[Server Component]


./src/components/sect
ions/Contact.module.s
css.module.css
Transforming CSS 
failed
Selector "h5" is not 
pure. Pure selectors 
must contain at 
least one local 
class or id.

Import trace:
  Client Component 
Browser:
    ./src/components/
sections/Contact.modu
le.scss.module.css 
[Client Component 
Browser]
    ./src/components/
sections/Contact.modu
le.scss [Client 
Component Browser]
    ./src/components/
sections/Contact.tsx 
[Client Component 
Browser]
    ./src/components/
sections/Contact.tsx 
[Server Component]
    
./src/app/page.tsx 
[Server Component]


./src/components/sect
ions/Contact.module.s
css.module.css
Transforming CSS 
failed
Selector "h6" is not 
pure. Pure selectors 
must contain at 
least one local 
class or id.

Import trace:
  Client Component 
Browser:
    ./src/components/
sections/Contact.modu
le.scss.module.css 
[Client Component 
Browser]
    ./src/components/
sections/Contact.modu
le.scss [Client 
Component Browser]
    ./src/components/
sections/Contact.tsx 
[Client Component 
Browser]
    ./src/components/
sections/Contact.tsx 
[Server Component]
    
./src/app/page.tsx 
[Server Component]


./src/components/sect
ions/Contact.module.s
css.module.css
Transforming CSS 
failed
Selector "hr" is not 
pure. Pure selectors 
must contain at 
least one local 
class or id.

Import trace:
  Client Component 
Browser:
    ./src/components/
sections/Contact.modu
le.scss.module.css 
[Client Component 
Browser]
    ./src/components/
sections/Contact.modu
le.scss [Client 
Component Browser]
    ./src/components/
sections/Contact.tsx 
[Client Component 
Browser]
    ./src/components/
sections/Contact.tsx 
[Server Component]
    
./src/app/page.tsx 
[Server Component]


./src/components/sect
ions/Contact.module.s
css.module.css
Transforming CSS 
failed
Selector "iframe" is 
not pure. Pure 
selectors must 
contain at least one 
local class or id.

Import trace:
  Client Component 
Browser:
    ./src/components/
sections/Contact.modu
le.scss.module.css 
[Client Component 
Browser]
    ./src/components/
sections/Contact.modu
le.scss [Client 
Component Browser]
    ./src/components/
sections/Contact.tsx 
[Client Component 
Browser]
    ./src/components/
sections/Contact.tsx 
[Server Component]
    
./src/app/page.tsx 
[Server Component]


./src/components/sect
ions/Contact.module.s
css.module.css
Transforming CSS 
failed
Selector "img" is 
not pure. Pure 
selectors must 
contain at least one 
local class or id.

Import trace:
  Client Component 
Browser:
    ./src/components/
sections/Contact.modu
le.scss.module.css 
[Client Component 
Browser]
    ./src/components/
sections/Contact.modu
le.scss [Client 
Component Browser]
    ./src/components/
sections/Contact.tsx 
[Client Component 
Browser]
    ./src/components/
sections/Contact.tsx 
[Server Component]
    
./src/app/page.tsx 
[Server Component]


./src/components/sect
ions/Contact.module.s
css.module.css
Transforming CSS 
failed
Selector "input" is 
not pure. Pure 
selectors must 
contain at least one 
local class or id.

Import trace:
  Client Component 
Browser:
    ./src/components/
sections/Contact.modu
le.scss.module.css 
[Client Component 
Browser]
    ./src/components/
sections/Contact.modu
le.scss [Client 
Component Browser]
    ./src/components/
sections/Contact.tsx 
[Client Component 
Browser]
    ./src/components/
sections/Contact.tsx 
[Server Component]
    
./src/app/page.tsx 
[Server Component]


./src/components/sect
ions/Contact.module.s
css.module.css
Transforming CSS 
failed
Selector "input:where
([type="button"], 
[type="reset"], 
[type="submit"])" is 
not pure. Pure 
selectors must 
contain at least one 
local class or id.

Import trace:
  Client Component 
Browser:
    ./src/components/
sections/Contact.modu
le.scss.module.css 
[Client Component 
Browser]
    ./src/components/
sections/Contact.modu
le.scss [Client 
Component Browser]
    ./src/components/
sections/Contact.tsx 
[Client Component 
Browser]
    ./src/components/
sections/Contact.tsx 
[Server Component]
    
./src/app/page.tsx 
[Server Component]


./src/components/sect
ions/Contact.module.s
css.module.css
Transforming CSS 
failed
Selector "kbd" is 
not pure. Pure 
selectors must 
contain at least one 
local class or id.

Import trace:
  Client Component 
Browser:
    ./src/components/
sections/Contact.modu
le.scss.module.css 
[Client Component 
Browser]
    ./src/components/
sections/Contact.modu
le.scss [Client 
Component Browser]
    ./src/components/
sections/Contact.tsx 
[Client Component 
Browser]
    ./src/components/
sections/Contact.tsx 
[Server Component]
    
./src/app/page.tsx 
[Server Component]


./src/components/sect
ions/Contact.module.s
css.module.css
Transforming CSS 
failed
Selector "menu" is 
not pure. Pure 
selectors must 
contain at least one 
local class or id.

Import trace:
  Client Component 
Browser:
    ./src/components/
sections/Contact.modu
le.scss.module.css 
[Client Component 
Browser]
    ./src/components/
sections/Contact.modu
le.scss [Client 
Component Browser]
    ./src/components/
sections/Contact.tsx 
[Client Component 
Browser]
    ./src/components/
sections/Contact.tsx 
[Server Component]
    
./src/app/page.tsx 
[Server Component]


./src/components/sect
ions/Contact.module.s
css.module.css
Transforming CSS 
failed
Selector "object" is 
not pure. Pure 
selectors must 
contain at least one 
local class or id.

Import trace:
  Client Component 
Browser:
    ./src/components/
sections/Contact.modu
le.scss.module.css 
[Client Component 
Browser]
    ./src/components/
sections/Contact.modu
le.scss [Client 
Component Browser]
    ./src/components/
sections/Contact.tsx 
[Client Component 
Browser]
    ./src/components/
sections/Contact.tsx 
[Server Component]
    
./src/app/page.tsx 
[Server Component]


./src/components/sect
ions/Contact.module.s
css.module.css
Transforming CSS 
failed
Selector "ol" is not 
pure. Pure selectors 
must contain at 
least one local 
class or id.

Import trace:
  Client Component 
Browser:
    ./src/components/
sections/Contact.modu
le.scss.module.css 
[Client Component 
Browser]
    ./src/components/
sections/Contact.modu
le.scss [Client 
Component Browser]
    ./src/components/
sections/Contact.tsx 
[Client Component 
Browser]
    ./src/components/
sections/Contact.tsx 
[Server Component]
    
./src/app/page.tsx 
[Server Component]


./src/components/sect
ions/Contact.module.s
css.module.css
Transforming CSS 
failed
Selector "optgroup" 
is not pure. Pure 
selectors must 
contain at least one 
local class or id.

Import trace:
  Client Component 
Browser:
    ./src/components/
sections/Contact.modu
le.scss.module.css 
[Client Component 
Browser]
    ./src/components/
sections/Contact.modu
le.scss [Client 
Component Browser]
    ./src/components/
sections/Contact.tsx 
[Client Component 
Browser]
    ./src/components/
sections/Contact.tsx 
[Server Component]
    
./src/app/page.tsx 
[Server Component]


./src/components/sect
ions/Contact.module.s
css.module.css
Transforming CSS 
failed
Selector "pre" is 
not pure. Pure 
selectors must 
contain at least one 
local class or id.

Import trace:
  Client Component 
Browser:
    ./src/components/
sections/Contact.modu
le.scss.module.css 
[Client Component 
Browser]
    ./src/components/
sections/Contact.modu
le.scss [Client 
Component Browser]
    ./src/components/
sections/Contact.tsx 
[Client Component 
Browser]
    ./src/components/
sections/Contact.tsx 
[Server Component]
    
./src/app/page.tsx 
[Server Component]


./src/components/sect
ions/Contact.module.s
css.module.css
Transforming CSS 
failed
Selector "progress" 
is not pure. Pure 
selectors must 
contain at least one 
local class or id.

Import trace:
  Client Component 
Browser:
    ./src/components/
sections/Contact.modu
le.scss.module.css 
[Client Component 
Browser]
    ./src/components/
sections/Contact.modu
le.scss [Client 
Component Browser]
    ./src/components/
sections/Contact.tsx 
[Client Component 
Browser]
    ./src/components/
sections/Contact.tsx 
[Server Component]
    
./src/app/page.tsx 
[Server Component]


./src/components/sect
ions/Contact.module.s
css.module.css
Transforming CSS 
failed
Selector "samp" is 
not pure. Pure 
selectors must 
contain at least one 
local class or id.

Import trace:
  Client Component 
Browser:
    ./src/components/
sections/Contact.modu
le.scss.module.css 
[Client Component 
Browser]
    ./src/components/
sections/Contact.modu
le.scss [Client 
Component Browser]
    ./src/components/
sections/Contact.tsx 
[Client Component 
Browser]
    ./src/components/
sections/Contact.tsx 
[Server Component]
    
./src/app/page.tsx 
[Server Component]


./src/components/sect
ions/Contact.module.s
css.module.css
Transforming CSS 
failed
Selector "select" is 
not pure. Pure 
selectors must 
contain at least one 
local class or id.

Import trace:
  Client Component 
Browser:
    ./src/components/
sections/Contact.modu
le.scss.module.css 
[Client Component 
Browser]
    ./src/components/
sections/Contact.modu
le.scss [Client 
Component Browser]
    ./src/components/
sections/Contact.tsx 
[Client Component 
Browser]
    ./src/components/
sections/Contact.tsx 
[Server Component]
    
./src/app/page.tsx 
[Server Component]


./src/components/sect
ions/Contact.module.s
css.module.css
Transforming CSS 
failed
Selector "small" is 
not pure. Pure 
selectors must 
contain at least one 
local class or id.

Import trace:
  Client Component 
Browser:
    ./src/components/
sections/Contact.modu
le.scss.module.css 
[Client Component 
Browser]
    ./src/components/
sections/Contact.modu
le.scss [Client 
Component Browser]
    ./src/components/
sections/Contact.tsx 
[Client Component 
Browser]
    ./src/components/
sections/Contact.tsx 
[Server Component]
    
./src/app/page.tsx 
[Server Component]


./src/components/sect
ions/Contact.module.s
css.module.css
Transforming CSS 
failed
Selector "strong" is 
not pure. Pure 
selectors must 
contain at least one 
local class or id.

Import trace:
  Client Component 
Browser:
    ./src/components/
sections/Contact.modu
le.scss.module.css 
[Client Component 
Browser]
    ./src/components/
sections/Contact.modu
le.scss [Client 
Component Browser]
    ./src/components/
sections/Contact.tsx 
[Client Component 
Browser]
    ./src/components/
sections/Contact.tsx 
[Server Component]
    
./src/app/page.tsx 
[Server Component]


./src/components/sect
ions/Contact.module.s
css.module.css
Transforming CSS 
failed
Selector "sub" is 
not pure. Pure 
selectors must 
contain at least one 
local class or id.

Import trace:
  Client Component 
Browser:
    ./src/components/
sections/Contact.modu
le.scss.module.css 
[Client Component 
Browser]
    ./src/components/
sections/Contact.modu
le.scss [Client 
Component Browser]
    ./src/components/
sections/Contact.tsx 
[Client Component 
Browser]
    ./src/components/
sections/Contact.tsx 
[Server Component]
    
./src/app/page.tsx 
[Server Component]


./src/components/sect
ions/Contact.module.s
css.module.css
Transforming CSS 
failed
Selector "summary" 
is not pure. Pure 
selectors must 
contain at least one 
local class or id.

Import trace:
  Client Component 
Browser:
    ./src/components/
sections/Contact.modu
le.scss.module.css 
[Client Component 
Browser]
    ./src/components/
sections/Contact.modu
le.scss [Client 
Component Browser]
    ./src/components/
sections/Contact.tsx 
[Client Component 
Browser]
    ./src/components/
sections/Contact.tsx 
[Server Component]
    
./src/app/page.tsx 
[Server Component]


./src/components/sect
ions/Contact.module.s
css.module.css
Transforming CSS 
failed
Selector "sup" is 
not pure. Pure 
selectors must 
contain at least one 
local class or id.

Import trace:
  Client Component 
Browser:
    ./src/components/
sections/Contact.modu
le.scss.module.css 
[Client Component 
Browser]
    ./src/components/
sections/Contact.modu
le.scss [Client 
Component Browser]
    ./src/components/
sections/Contact.tsx 
[Client Component 
Browser]
    ./src/components/
sections/Contact.tsx 
[Server Component]
    
./src/app/page.tsx 
[Server Component]


./src/components/sect
ions/Contact.module.s
css.module.css
Transforming CSS 
failed
Selector "svg" is 
not pure. Pure 
selectors must 
contain at least one 
local class or id.

Import trace:
  Client Component 
Browser:
    ./src/components/
sections/Contact.modu
le.scss.module.css 
[Client Component 
Browser]
    ./src/components/
sections/Contact.modu
le.scss [Client 
Component Browser]
    ./src/components/
sections/Contact.tsx 
[Client Component 
Browser]
    ./src/components/
sections/Contact.tsx 
[Server Component]
    
./src/app/page.tsx 
[Server Component]


./src/components/sect
ions/Contact.module.s
css.module.css
Transforming CSS 
failed
Selector "table" is 
not pure. Pure 
selectors must 
contain at least one 
local class or id.

Import trace:
  Client Component 
Browser:
    ./src/components/
sections/Contact.modu
le.scss.module.css 
[Client Component 
Browser]
    ./src/components/
sections/Contact.modu
le.scss [Client 
Component Browser]
    ./src/components/
sections/Contact.tsx 
[Client Component 
Browser]
    ./src/components/
sections/Contact.tsx 
[Server Component]
    
./src/app/page.tsx 
[Server Component]


./src/components/sect
ions/Contact.module.s
css.module.css
Transforming CSS 
failed
Selector "textarea" 
is not pure. Pure 
selectors must 
contain at least one 
local class or id.

Import trace:
  Client Component 
Browser:
    ./src/components/
sections/Contact.modu
le.scss.module.css 
[Client Component 
Browser]
    ./src/components/
sections/Contact.modu
le.scss [Client 
Component Browser]
    ./src/components/
sections/Contact.tsx 
[Client Component 
Browser]
    ./src/components/
sections/Contact.tsx 
[Server Component]
    
./src/app/page.tsx 
[Server Component]


./src/components/sect
ions/Contact.module.s
css.module.css
Transforming CSS 
failed
Selector "ul" is not 
pure. Pure selectors 
must contain at 
least one local 
class or id.

Import trace:
  Client Component 
Browser:
    ./src/components/
sections/Contact.modu
le.scss.module.css 
[Client Component 
Browser]
    ./src/components/
sections/Contact.modu
le.scss [Client 
Component Browser]
    ./src/components/
sections/Contact.tsx 
[Client Component 
Browser]
    ./src/components/
sections/Contact.tsx 
[Server Component]
    
./src/app/page.tsx 
[Server Component]


./src/components/sect
ions/Contact.module.s
css.module.css
Transforming CSS 
failed
Selector "video" is 
not pure. Pure 
selectors must 
contain at least one 
local class or id.

Import trace:
  Client Component 
Browser:
    ./src/components/
sections/Contact.modu
le.scss.module.css 
[Client Component 
Browser]
    ./src/components/
sections/Contact.modu
le.scss [Client 
Component Browser]
    ./src/components/
sections/Contact.tsx 
[Client Component 
Browser]
    ./src/components/
sections/Contact.tsx 
[Server Component]
    
./src/app/page.tsx 
[Server Component]


./src/components/sect
ions/Experience.modul
e.scss.module.css
Transforming CSS 
failed
Selector "*" is not 
pure. Pure selectors 
must contain at 
least one local 
class or id.

Import trace:
  Client Component 
Browser:
    ./src/components/
sections/Experience.m
odule.scss.module.css
 [Client Component 
Browser]
    ./src/components/
sections/Experience.m
odule.scss [Client 
Component Browser]
    ./src/components/
sections/Experience.t
sx [Client Component 
Browser]
    ./src/components/
sections/Experience.t
sx [Server Component]
    
./src/app/page.tsx 
[Server Component]


./src/components/sect
ions/Experience.modul
e.scss.module.css
Transforming CSS 
failed
Selector "[hidden]:wh
ere(:not([hidden="unt
il-found"]))" is not 
pure. Pure selectors 
must contain at 
least one local 
class or id.

Import trace:
  Client Component 
Browser:
    ./src/components/
sections/Experience.m
odule.scss.module.css
 [Client Component 
Browser]
    ./src/components/
sections/Experience.m
odule.scss [Client 
Component Browser]
    ./src/components/
sections/Experience.t
sx [Client Component 
Browser]
    ./src/components/
sections/Experience.t
sx [Server Component]
    
./src/app/page.tsx 
[Server Component]


./src/components/sect
ions/Experience.modul
e.scss.module.css
Transforming CSS 
failed
Selector "a" is not 
pure. Pure selectors 
must contain at 
least one local 
class or id.

Import trace:
  Client Component 
Browser:
    ./src/components/
sections/Experience.m
odule.scss.module.css
 [Client Component 
Browser]
    ./src/components/
sections/Experience.m
odule.scss [Client 
Component Browser]
    ./src/components/
sections/Experience.t
sx [Client Component 
Browser]
    ./src/components/
sections/Experience.t
sx [Server Component]
    
./src/app/page.tsx 
[Server Component]


./src/components/sect
ions/Experience.modul
e.scss.module.css
Transforming CSS 
failed
Selector "abbr:where(
[title])" is not 
pure. Pure selectors 
must contain at 
least one local 
class or id.

Import trace:
  Client Component 
Browser:
    ./src/components/
sections/Experience.m
odule.scss.module.css
 [Client Component 
Browser]
    ./src/components/
sections/Experience.m
odule.scss [Client 
Component Browser]
    ./src/components/
sections/Experience.t
sx [Client Component 
Browser]
    ./src/components/
sections/Experience.t
sx [Server Component]
    
./src/app/page.tsx 
[Server Component]


./src/components/sect
ions/Experience.modul
e.scss.module.css
Transforming CSS 
failed
Selector "audio" is 
not pure. Pure 
selectors must 
contain at least one 
local class or id.

Import trace:
  Client Component 
Browser:
    ./src/components/
sections/Experience.m
odule.scss.module.css
 [Client Component 
Browser]
    ./src/components/
sections/Experience.m
odule.scss [Client 
Component Browser]
    ./src/components/
sections/Experience.t
sx [Client Component 
Browser]
    ./src/components/
sections/Experience.t
sx [Server Component]
    
./src/app/page.tsx 
[Server Component]


./src/components/sect
ions/Experience.modul
e.scss.module.css
Transforming CSS 
failed
Selector "b" is not 
pure. Pure selectors 
must contain at 
least one local 
class or id.

Import trace:
  Client Component 
Browser:
    ./src/components/
sections/Experience.m
odule.scss.module.css
 [Client Component 
Browser]
    ./src/components/
sections/Experience.m
odule.scss [Client 
Component Browser]
    ./src/components/
sections/Experience.t
sx [Client Component 
Browser]
    ./src/components/
sections/Experience.t
sx [Server Component]
    
./src/app/page.tsx 
[Server Component]


./src/components/sect
ions/Experience.modul
e.scss.module.css
Transforming CSS 
failed
Selector "button" is 
not pure. Pure 
selectors must 
contain at least one 
local class or id.

Import trace:
  Client Component 
Browser:
    ./src/components/
sections/Experience.m
odule.scss.module.css
 [Client Component 
Browser]
    ./src/components/
sections/Experience.m
odule.scss [Client 
Component Browser]
    ./src/components/
sections/Experience.t
sx [Client Component 
Browser]
    ./src/components/
sections/Experience.t
sx [Server Component]
    
./src/app/page.tsx 
[Server Component]


./src/components/sect
ions/Experience.modul
e.scss.module.css
Transforming CSS 
failed
Selector "canvas" is 
not pure. Pure 
selectors must 
contain at least one 
local class or id.

Import trace:
  Client Component 
Browser:
    ./src/components/
sections/Experience.m
odule.scss.module.css
 [Client Component 
Browser]
    ./src/components/
sections/Experience.m
odule.scss [Client 
Component Browser]
    ./src/components/
sections/Experience.t
sx [Client Component 
Browser]
    ./src/components/
sections/Experience.t
sx [Server Component]
    
./src/app/page.tsx 
[Server Component]


./src/components/sect
ions/Experience.modul
e.scss.module.css
Transforming CSS 
failed
Selector "code" is 
not pure. Pure 
selectors must 
contain at least one 
local class or id.

Import trace:
  Client Component 
Browser:
    ./src/components/
sections/Experience.m
odule.scss.module.css
 [Client Component 
Browser]
    ./src/components/
sections/Experience.m
odule.scss [Client 
Component Browser]
    ./src/components/
sections/Experience.t
sx [Client Component 
Browser]
    ./src/components/
sections/Experience.t
sx [Server Component]
    
./src/app/page.tsx 
[Server Component]


./src/components/sect
ions/Experience.modul
e.scss.module.css
Transforming CSS 
failed
Selector "embed" is 
not pure. Pure 
selectors must 
contain at least one 
local class or id.

Import trace:
  Client Component 
Browser:
    ./src/components/
sections/Experience.m
odule.scss.module.css
 [Client Component 
Browser]
    ./src/components/
sections/Experience.m
odule.scss [Client 
Component Browser]
    ./src/components/
sections/Experience.t
sx [Client Component 
Browser]
    ./src/components/
sections/Experience.t
sx [Server Component]
    
./src/app/page.tsx 
[Server Component]


./src/components/sect
ions/Experience.modul
e.scss.module.css
Transforming CSS 
failed
Selector "h1" is not 
pure. Pure selectors 
must contain at 
least one local 
class or id.

Import trace:
  Client Component 
Browser:
    ./src/components/
sections/Experience.m
odule.scss.module.css
 [Client Component 
Browser]
    ./src/components/
sections/Experience.m
odule.scss [Client 
Component Browser]
    ./src/components/
sections/Experience.t
sx [Client Component 
Browser]
    ./src/components/
sections/Experience.t
sx [Server Component]
    
./src/app/page.tsx 
[Server Component]


./src/components/sect
ions/Experience.modul
e.scss.module.css
Transforming CSS 
failed
Selector "h2" is not 
pure. Pure selectors 
must contain at 
least one local 
class or id.

Import trace:
  Client Component 
Browser:
    ./src/components/
sections/Experience.m
odule.scss.module.css
 [Client Component 
Browser]
    ./src/components/
sections/Experience.m
odule.scss [Client 
Component Browser]
    ./src/components/
sections/Experience.t
sx [Client Component 
Browser]
    ./src/components/
sections/Experience.t
sx [Server Component]
    
./src/app/page.tsx 
[Server Component]


./src/components/sect
ions/Experience.modul
e.scss.module.css
Transforming CSS 
failed
Selector "h3" is not 
pure. Pure selectors 
must contain at 
least one local 
class or id.

Import trace:
  Client Component 
Browser:
    ./src/components/
sections/Experience.m
odule.scss.module.css
 [Client Component 
Browser]
    ./src/components/
sections/Experience.m
odule.scss [Client 
Component Browser]
    ./src/components/
sections/Experience.t
sx [Client Component 
Browser]
    ./src/components/
sections/Experience.t
sx [Server Component]
    
./src/app/page.tsx 
[Server Component]


./src/components/sect
ions/Experience.modul
e.scss.module.css
Transforming CSS 
failed
Selector "h4" is not 
pure. Pure selectors 
must contain at 
least one local 
class or id.

Import trace:
  Client Component 
Browser:
    ./src/components/
sections/Experience.m
odule.scss.module.css
 [Client Component 
Browser]
    ./src/components/
sections/Experience.m
odule.scss [Client 
Component Browser]
    ./src/components/
sections/Experience.t
sx [Client Component 
Browser]
    ./src/components/
sections/Experience.t
sx [Server Component]
    
./src/app/page.tsx 
[Server Component]


./src/components/sect
ions/Experience.modul
e.scss.module.css
Transforming CSS 
failed
Selector "h5" is not 
pure. Pure selectors 
must contain at 
least one local 
class or id.

Import trace:
  Client Component 
Browser:
    ./src/components/
sections/Experience.m
odule.scss.module.css
 [Client Component 
Browser]
    ./src/components/
sections/Experience.m
odule.scss [Client 
Component Browser]
    ./src/components/
sections/Experience.t
sx [Client Component 
Browser]
    ./src/components/
sections/Experience.t
sx [Server Component]
    
./src/app/page.tsx 
[Server Component]


./src/components/sect
ions/Experience.modul
e.scss.module.css
Transforming CSS 
failed
Selector "h6" is not 
pure. Pure selectors 
must contain at 
least one local 
class or id.

Import trace:
  Client Component 
Browser:
    ./src/components/
sections/Experience.m
odule.scss.module.css
 [Client Component 
Browser]
    ./src/components/
sections/Experience.m
odule.scss [Client 
Component Browser]
    ./src/components/
sections/Experience.t
sx [Client Component 
Browser]
    ./src/components/
sections/Experience.t
sx [Server Component]
    
./src/app/page.tsx 
[Server Component]


./src/components/sect
ions/Experience.modul
e.scss.module.css
Transforming CSS 
failed
Selector "hr" is not 
pure. Pure selectors 
must contain at 
least one local 
class or id.

Import trace:
  Client Component 
Browser:
    ./src/components/
sections/Experience.m
odule.scss.module.css
 [Client Component 
Browser]
    ./src/components/
sections/Experience.m
odule.scss [Client 
Component Browser]
    ./src/components/
sections/Experience.t
sx [Client Component 
Browser]
    ./src/components/
sections/Experience.t
sx [Server Component]
    
./src/app/page.tsx 
[Server Component]


./src/components/sect
ions/Experience.modul
e.scss.module.css
Transforming CSS 
failed
Selector "iframe" is 
not pure. Pure 
selectors must 
contain at least one 
local class or id.

Import trace:
  Client Component 
Browser:
    ./src/components/
sections/Experience.m
odule.scss.module.css
 [Client Component 
Browser]
    ./src/components/
sections/Experience.m
odule.scss [Client 
Component Browser]
    ./src/components/
sections/Experience.t
sx [Client Component 
Browser]
    ./src/components/
sections/Experience.t
sx [Server Component]
    
./src/app/page.tsx 
[Server Component]


./src/components/sect
ions/Experience.modul
e.scss.module.css
Transforming CSS 
failed
Selector "img" is 
not pure. Pure 
selectors must 
contain at least one 
local class or id.

Import trace:
  Client Component 
Browser:
    ./src/components/
sections/Experience.m
odule.scss.module.css
 [Client Component 
Browser]
    ./src/components/
sections/Experience.m
odule.scss [Client 
Component Browser]
    ./src/components/
sections/Experience.t
sx [Client Component 
Browser]
    ./src/components/
sections/Experience.t
sx [Server Component]
    
./src/app/page.tsx 
[Server Component]


./src/components/sect
ions/Experience.modul
e.scss.module.css
Transforming CSS 
failed
Selector "input" is 
not pure. Pure 
selectors must 
contain at least one 
local class or id.

Import trace:
  Client Component 
Browser:
    ./src/components/
sections/Experience.m
odule.scss.module.css
 [Client Component 
Browser]
    ./src/components/
sections/Experience.m
odule.scss [Client 
Component Browser]
    ./src/components/
sections/Experience.t
sx [Client Component 
Browser]
    ./src/components/
sections/Experience.t
sx [Server Component]
    
./src/app/page.tsx 
[Server Component]


./src/components/sect
ions/Experience.modul
e.scss.module.css
Transforming CSS 
failed
Selector "input:where
([type="button"], 
[type="reset"], 
[type="submit"])" is 
not pure. Pure 
selectors must 
contain at least one 
local class or id.

Import trace:
  Client Component 
Browser:
    ./src/components/
sections/Experience.m
odule.scss.module.css
 [Client Component 
Browser]
    ./src/components/
sections/Experience.m
odule.scss [Client 
Component Browser]
    ./src/components/
sections/Experience.t
sx [Client Component 
Browser]
    ./src/components/
sections/Experience.t
sx [Server Component]
    
./src/app/page.tsx 
[Server Component]


./src/components/sect
ions/Experience.modul
e.scss.module.css
Transforming CSS 
failed
Selector "kbd" is 
not pure. Pure 
selectors must 
contain at least one 
local class or id.

Import trace:
  Client Component 
Browser:
    ./src/components/
sections/Experience.m
odule.scss.module.css
 [Client Component 
Browser]
    ./src/components/
sections/Experience.m
odule.scss [Client 
Component Browser]
    ./src/components/
sections/Experience.t
sx [Client Component 
Browser]
    ./src/components/
sections/Experience.t
sx [Server Component]
    
./src/app/page.tsx 
[Server Component]


./src/components/sect
ions/Experience.modul
e.scss.module.css
Transforming CSS 
failed
Selector "menu" is 
not pure. Pure 
selectors must 
contain at least one 
local class or id.

Import trace:
  Client Component 
Browser:
    ./src/components/
sections/Experience.m
odule.scss.module.css
 [Client Component 
Browser]
    ./src/components/
sections/Experience.m
odule.scss [Client 
Component Browser]
    ./src/components/
sections/Experience.t
sx [Client Component 
Browser]
    ./src/components/
sections/Experience.t
sx [Server Component]
    
./src/app/page.tsx 
[Server Component]


./src/components/sect
ions/Experience.modul
e.scss.module.css
Transforming CSS 
failed
Selector "object" is 
not pure. Pure 
selectors must 
contain at least one 
local class or id.

Import trace:
  Client Component 
Browser:
    ./src/components/
sections/Experience.m
odule.scss.module.css
 [Client Component 
Browser]
    ./src/components/
sections/Experience.m
odule.scss [Client 
Component Browser]
    ./src/components/
sections/Experience.t
sx [Client Component 
Browser]
    ./src/components/
sections/Experience.t
sx [Server Component]
    
./src/app/page.tsx 
[Server Component]


./src/components/sect
ions/Experience.modul
e.scss.module.css
Transforming CSS 
failed
Selector "ol" is not 
pure. Pure selectors 
must contain at 
least one local 
class or id.

Import trace:
  Client Component 
Browser:
    ./src/components/
sections/Experience.m
odule.scss.module.css
 [Client Component 
Browser]
    ./src/components/
sections/Experience.m
odule.scss [Client 
Component Browser]
    ./src/components/
sections/Experience.t
sx [Client Component 
Browser]
    ./src/components/
sections/Experience.t
sx [Server Component]
    
./src/app/page.tsx 
[Server Component]


./src/components/sect
ions/Experience.modul
e.scss.module.css
Transforming CSS 
failed
Selector "optgroup" 
is not pure. Pure 
selectors must 
contain at least one 
local class or id.

Import trace:
  Client Component 
Browser:
    ./src/components/
sections/Experience.m
odule.scss.module.css
 [Client Component 
Browser]
    ./src/components/
sections/Experience.m
odule.scss [Client 
Component Browser]
    ./src/components/
sections/Experience.t
sx [Client Component 
Browser]
    ./src/components/
sections/Experience.t
sx [Server Component]
    
./src/app/page.tsx 
[Server Component]


./src/components/sect
ions/Experience.modul
e.scss.module.css
Transforming CSS 
failed
Selector "pre" is 
not pure. Pure 
selectors must 
contain at least one 
local class or id.

Import trace:
  Client Component 
Browser:
    ./src/components/
sections/Experience.m
odule.scss.module.css
 [Client Component 
Browser]
    ./src/components/
sections/Experience.m
odule.scss [Client 
Component Browser]
    ./src/components/
sections/Experience.t
sx [Client Component 
Browser]
    ./src/components/
sections/Experience.t
sx [Server Component]
    
./src/app/page.tsx 
[Server Component]


./src/components/sect
ions/Experience.modul
e.scss.module.css
Transforming CSS 
failed
Selector "progress" 
is not pure. Pure 
selectors must 
contain at least one 
local class or id.

Import trace:
  Client Component 
Browser:
    ./src/components/
sections/Experience.m
odule.scss.module.css
 [Client Component 
Browser]
    ./src/components/
sections/Experience.m
odule.scss [Client 
Component Browser]
    ./src/components/
sections/Experience.t
sx [Client Component 
Browser]
    ./src/components/
sections/Experience.t
sx [Server Component]
    
./src/app/page.tsx 
[Server Component]


./src/components/sect
ions/Experience.modul
e.scss.module.css
Transforming CSS 
failed
Selector "samp" is 
not pure. Pure 
selectors must 
contain at least one 
local class or id.

Import trace:
  Client Component 
Browser:
    ./src/components/
sections/Experience.m
odule.scss.module.css
 [Client Component 
Browser]
    ./src/components/
sections/Experience.m
odule.scss [Client 
Component Browser]
    ./src/components/
sections/Experience.t
sx [Client Component 
Browser]
    ./src/components/
sections/Experience.t
sx [Server Component]
    
./src/app/page.tsx 
[Server Component]


./src/components/sect
ions/Experience.modul
e.scss.module.css
Transforming CSS 
failed
Selector "select" is 
not pure. Pure 
selectors must 
contain at least one 
local class or id.

Import trace:
  Client Component 
Browser:
    ./src/components/
sections/Experience.m
odule.scss.module.css
 [Client Component 
Browser]
    ./src/components/
sections/Experience.m
odule.scss [Client 
Component Browser]
    ./src/components/
sections/Experience.t
sx [Client Component 
Browser]
    ./src/components/
sections/Experience.t
sx [Server Component]
    
./src/app/page.tsx 
[Server Component]


./src/components/sect
ions/Experience.modul
e.scss.module.css
Transforming CSS 
failed
Selector "small" is 
not pure. Pure 
selectors must 
contain at least one 
local class or id.

Import trace:
  Client Component 
Browser:
    ./src/components/
sections/Experience.m
odule.scss.module.css
 [Client Component 
Browser]
    ./src/components/
sections/Experience.m
odule.scss [Client 
Component Browser]
    ./src/components/
sections/Experience.t
sx [Client Component 
Browser]
    ./src/components/
sections/Experience.t
sx [Server Component]
    
./src/app/page.tsx 
[Server Component]


./src/components/sect
ions/Experience.modul
e.scss.module.css
Transforming CSS 
failed
Selector "strong" is 
not pure. Pure 
selectors must 
contain at least one 
local class or id.

Import trace:
  Client Component 
Browser:
    ./src/components/
sections/Experience.m
odule.scss.module.css
 [Client Component 
Browser]
    ./src/components/
sections/Experience.m
odule.scss [Client 
Component Browser]
    ./src/components/
sections/Experience.t
sx [Client Component 
Browser]
    ./src/components/
sections/Experience.t
sx [Server Component]
    
./src/app/page.tsx 
[Server Component]


./src/components/sect
ions/Experience.modul
e.scss.module.css
Transforming CSS 
failed
Selector "sub" is 
not pure. Pure 
selectors must 
contain at least one 
local class or id.

Import trace:
  Client Component 
Browser:
    ./src/components/
sections/Experience.m
odule.scss.module.css
 [Client Component 
Browser]
    ./src/components/
sections/Experience.m
odule.scss [Client 
Component Browser]
    ./src/components/
sections/Experience.t
sx [Client Component 
Browser]
    ./src/components/
sections/Experience.t
sx [Server Component]
    
./src/app/page.tsx 
[Server Component]


./src/components/sect
ions/Experience.modul
e.scss.module.css
Transforming CSS 
failed
Selector "summary" 
is not pure. Pure 
selectors must 
contain at least one 
local class or id.

Import trace:
  Client Component 
Browser:
    ./src/components/
sections/Experience.m
odule.scss.module.css
 [Client Component 
Browser]
    ./src/components/
sections/Experience.m
odule.scss [Client 
Component Browser]
    ./src/components/
sections/Experience.t
sx [Client Component 
Browser]
    ./src/components/
sections/Experience.t
sx [Server Component]
    
./src/app/page.tsx 
[Server Component]


./src/components/sect
ions/Experience.modul
e.scss.module.css
Transforming CSS 
failed
Selector "sup" is 
not pure. Pure 
selectors must 
contain at least one 
local class or id.

Import trace:
  Client Component 
Browser:
    ./src/components/
sections/Experience.m
odule.scss.module.css
 [Client Component 
Browser]
    ./src/components/
sections/Experience.m
odule.scss [Client 
Component Browser]
    ./src/components/
sections/Experience.t
sx [Client Component 
Browser]
    ./src/components/
sections/Experience.t
sx [Server Component]
    
./src/app/page.tsx 
[Server Component]


./src/components/sect
ions/Experience.modul
e.scss.module.css
Transforming CSS 
failed
Selector "svg" is 
not pure. Pure 
selectors must 
contain at least one 
local class or id.

Import trace:
  Client Component 
Browser:
    ./src/components/
sections/Experience.m
odule.scss.module.css
 [Client Component 
Browser]
    ./src/components/
sections/Experience.m
odule.scss [Client 
Component Browser]
    ./src/components/
sections/Experience.t
sx [Client Component 
Browser]
    ./src/components/
sections/Experience.t
sx [Server Component]
    
./src/app/page.tsx 
[Server Component]


./src/components/sect
ions/Experience.modul
e.scss.module.css
Transforming CSS 
failed
Selector "table" is 
not pure. Pure 
selectors must 
contain at least one 
local class or id.

Import trace:
  Client Component 
Browser:
    ./src/components/
sections/Experience.m
odule.scss.module.css
 [Client Component 
Browser]
    ./src/components/
sections/Experience.m
odule.scss [Client 
Component Browser]
    ./src/components/
sections/Experience.t
sx [Client Component 
Browser]
    ./src/components/
sections/Experience.t
sx [Server Component]
    
./src/app/page.tsx 
[Server Component]


./src/components/sect
ions/Experience.modul
e.scss.module.css
Transforming CSS 
failed
Selector "textarea" 
is not pure. Pure 
selectors must 
contain at least one 
local class or id.

Import trace:
  Client Component 
Browser:
    ./src/components/
sections/Experience.m
odule.scss.module.css
 [Client Component 
Browser]
    ./src/components/
sections/Experience.m
odule.scss [Client 
Component Browser]
    ./src/components/
sections/Experience.t
sx [Client Component 
Browser]
    ./src/components/
sections/Experience.t
sx [Server Component]
    
./src/app/page.tsx 
[Server Component]


./src/components/sect
ions/Experience.modul
e.scss.module.css
Transforming CSS 
failed
Selector "ul" is not 
pure. Pure selectors 
must contain at 
least one local 
class or id.

Import trace:
  Client Component 
Browser:
    ./src/components/
sections/Experience.m
odule.scss.module.css
 [Client Component 
Browser]
    ./src/components/
sections/Experience.m
odule.scss [Client 
Component Browser]
    ./src/components/
sections/Experience.t
sx [Client Component 
Browser]
    ./src/components/
sections/Experience.t
sx [Server Component]
    
./src/app/page.tsx 
[Server Component]


./src/components/sect
ions/Experience.modul
e.scss.module.css
Transforming CSS 
failed
Selector "video" is 
not pure. Pure 
selectors must 
contain at least one 
local class or id.

Import trace:
  Client Component 
Browser:
    ./src/components/
sections/Experience.m
odule.scss.module.css
 [Client Component 
Browser]
    ./src/components/
sections/Experience.m
odule.scss [Client 
Component Browser]
    ./src/components/
sections/Experience.t
sx [Client Component 
Browser]
    ./src/components/
sections/Experience.t
sx [Server Component]
    
./src/app/page.tsx 
[Server Component]


./src/components/sect
ions/Hero.module.scss
.module.css
Transforming CSS 
failed
Selector "*" is not 
pure. Pure selectors 
must contain at 
least one local 
class or id.

Import trace:
  Client Component 
Browser:
    ./src/components/
sections/Hero.module.
scss.module.css 
[Client Component 
Browser]
    ./src/components/
sections/Hero.module.
scss [Client 
Component Browser]
    ./src/components/
sections/Hero.tsx 
[Client Component 
Browser]
    ./src/components/
sections/Hero.tsx 
[Server Component]
    
./src/app/page.tsx 
[Server Component]


./src/components/sect
ions/Hero.module.scss
.module.css
Transforming CSS 
failed
Selector "[hidden]:wh
ere(:not([hidden="unt
il-found"]))" is not 
pure. Pure selectors 
must contain at 
least one local 
class or id.

Import trace:
  Client Component 
Browser:
    ./src/components/
sections/Hero.module.
scss.module.css 
[Client Component 
Browser]
    ./src/components/
sections/Hero.module.
scss [Client 
Component Browser]
    ./src/components/
sections/Hero.tsx 
[Client Component 
Browser]
    ./src/components/
sections/Hero.tsx 
[Server Component]
    
./src/app/page.tsx 
[Server Component]


./src/components/sect
ions/Hero.module.scss
.module.css
Transforming CSS 
failed
Selector "a" is not 
pure. Pure selectors 
must contain at 
least one local 
class or id.

Import trace:
  Client Component 
Browser:
    ./src/components/
sections/Hero.module.
scss.module.css 
[Client Component 
Browser]
    ./src/components/
sections/Hero.module.
scss [Client 
Component Browser]
    ./src/components/
sections/Hero.tsx 
[Client Component 
Browser]
    ./src/components/
sections/Hero.tsx 
[Server Component]
    
./src/app/page.tsx 
[Server Component]


./src/components/sect
ions/Hero.module.scss
.module.css
Transforming CSS 
failed
Selector "abbr:where(
[title])" is not 
pure. Pure selectors 
must contain at 
least one local 
class or id.

Import trace:
  Client Component 
Browser:
    ./src/components/
sections/Hero.module.
scss.module.css 
[Client Component 
Browser]
    ./src/components/
sections/Hero.module.
scss [Client 
Component Browser]
    ./src/components/
sections/Hero.tsx 
[Client Component 
Browser]
    ./src/components/
sections/Hero.tsx 
[Server Component]
    
./src/app/page.tsx 
[Server Component]


./src/components/sect
ions/Hero.module.scss
.module.css
Transforming CSS 
failed
Selector "audio" is 
not pure. Pure 
selectors must 
contain at least one 
local class or id.

Import trace:
  Client Component 
Browser:
    ./src/components/
sections/Hero.module.
scss.module.css 
[Client Component 
Browser]
    ./src/components/
sections/Hero.module.
scss [Client 
Component Browser]
    ./src/components/
sections/Hero.tsx 
[Client Component 
Browser]
    ./src/components/
sections/Hero.tsx 
[Server Component]
    
./src/app/page.tsx 
[Server Component]


./src/components/sect
ions/Hero.module.scss
.module.css
Transforming CSS 
failed
Selector "b" is not 
pure. Pure selectors 
must contain at 
least one local 
class or id.

Import trace:
  Client Component 
Browser:
    ./src/components/
sections/Hero.module.
scss.module.css 
[Client Component 
Browser]
    ./src/components/
sections/Hero.module.
scss [Client 
Component Browser]
    ./src/components/
sections/Hero.tsx 
[Client Component 
Browser]
    ./src/components/
sections/Hero.tsx 
[Server Component]
    
./src/app/page.tsx 
[Server Component]


./src/components/sect
ions/Hero.module.scss
.module.css
Transforming CSS 
failed
Selector "button" is 
not pure. Pure 
selectors must 
contain at least one 
local class or id.

Import trace:
  Client Component 
Browser:
    ./src/components/
sections/Hero.module.
scss.module.css 
[Client Component 
Browser]
    ./src/components/
sections/Hero.module.
scss [Client 
Component Browser]
    ./src/components/
sections/Hero.tsx 
[Client Component 
Browser]
    ./src/components/
sections/Hero.tsx 
[Server Component]
    
./src/app/page.tsx 
[Server Component]


./src/components/sect
ions/Hero.module.scss
.module.css
Transforming CSS 
failed
Selector "canvas" is 
not pure. Pure 
selectors must 
contain at least one 
local class or id.

Import trace:
  Client Component 
Browser:
    ./src/components/
sections/Hero.module.
scss.module.css 
[Client Component 
Browser]
    ./src/components/
sections/Hero.module.
scss [Client 
Component Browser]
    ./src/components/
sections/Hero.tsx 
[Client Component 
Browser]
    ./src/components/
sections/Hero.tsx 
[Server Component]
    
./src/app/page.tsx 
[Server Component]


./src/components/sect
ions/Hero.module.scss
.module.css
Transforming CSS 
failed
Selector "code" is 
not pure. Pure 
selectors must 
contain at least one 
local class or id.

Import trace:
  Client Component 
Browser:
    ./src/components/
sections/Hero.module.
scss.module.css 
[Client Component 
Browser]
    ./src/components/
sections/Hero.module.
scss [Client 
Component Browser]
    ./src/components/
sections/Hero.tsx 
[Client Component 
Browser]
    ./src/components/
sections/Hero.tsx 
[Server Component]
    
./src/app/page.tsx 
[Server Component]


./src/components/sect
ions/Hero.module.scss
.module.css
Transforming CSS 
failed
Selector "embed" is 
not pure. Pure 
selectors must 
contain at least one 
local class or id.

Import trace:
  Client Component 
Browser:
    ./src/components/
sections/Hero.module.
scss.module.css 
[Client Component 
Browser]
    ./src/components/
sections/Hero.module.
scss [Client 
Component Browser]
    ./src/components/
sections/Hero.tsx 
[Client Component 
Browser]
    ./src/components/
sections/Hero.tsx 
[Server Component]
    
./src/app/page.tsx 
[Server Component]


./src/components/sect
ions/Hero.module.scss
.module.css
Transforming CSS 
failed
Selector "h1" is not 
pure. Pure selectors 
must contain at 
least one local 
class or id.

Import trace:
  Client Component 
Browser:
    ./src/components/
sections/Hero.module.
scss.module.css 
[Client Component 
Browser]
    ./src/components/
sections/Hero.module.
scss [Client 
Component Browser]
    ./src/components/
sections/Hero.tsx 
[Client Component 
Browser]
    ./src/components/
sections/Hero.tsx 
[Server Component]
    
./src/app/page.tsx 
[Server Component]


./src/components/sect
ions/Hero.module.scss
.module.css
Transforming CSS 
failed
Selector "h2" is not 
pure. Pure selectors 
must contain at 
least one local 
class or id.

Import trace:
  Client Component 
Browser:
    ./src/components/
sections/Hero.module.
scss.module.css 
[Client Component 
Browser]
    ./src/components/
sections/Hero.module.
scss [Client 
Component Browser]
    ./src/components/
sections/Hero.tsx 
[Client Component 
Browser]
    ./src/components/
sections/Hero.tsx 
[Server Component]
    
./src/app/page.tsx 
[Server Component]


./src/components/sect
ions/Hero.module.scss
.module.css
Transforming CSS 
failed
Selector "h3" is not 
pure. Pure selectors 
must contain at 
least one local 
class or id.

Import trace:
  Client Component 
Browser:
    ./src/components/
sections/Hero.module.
scss.module.css 
[Client Component 
Browser]
    ./src/components/
sections/Hero.module.
scss [Client 
Component Browser]
    ./src/components/
sections/Hero.tsx 
[Client Component 
Browser]
    ./src/components/
sections/Hero.tsx 
[Server Component]
    
./src/app/page.tsx 
[Server Component]


./src/components/sect
ions/Hero.module.scss
.module.css
Transforming CSS 
failed
Selector "h4" is not 
pure. Pure selectors 
must contain at 
least one local 
class or id.

Import trace:
  Client Component 
Browser:
    ./src/components/
sections/Hero.module.
scss.module.css 
[Client Component 
Browser]
    ./src/components/
sections/Hero.module.
scss [Client 
Component Browser]
    ./src/components/
sections/Hero.tsx 
[Client Component 
Browser]
    ./src/components/
sections/Hero.tsx 
[Server Component]
    
./src/app/page.tsx 
[Server Component]


./src/components/sect
ions/Hero.module.scss
.module.css
Transforming CSS 
failed
Selector "h5" is not 
pure. Pure selectors 
must contain at 
least one local 
class or id.

Import trace:
  Client Component 
Browser:
    ./src/components/
sections/Hero.module.
scss.module.css 
[Client Component 
Browser]
    ./src/components/
sections/Hero.module.
scss [Client 
Component Browser]
    ./src/components/
sections/Hero.tsx 
[Client Component 
Browser]
    ./src/components/
sections/Hero.tsx 
[Server Component]
    
./src/app/page.tsx 
[Server Component]


./src/components/sect
ions/Hero.module.scss
.module.css
Transforming CSS 
failed
Selector "h6" is not 
pure. Pure selectors 
must contain at 
least one local 
class or id.

Import trace:
  Client Component 
Browser:
    ./src/components/
sections/Hero.module.
scss.module.css 
[Client Component 
Browser]
    ./src/components/
sections/Hero.module.
scss [Client 
Component Browser]
    ./src/components/
sections/Hero.tsx 
[Client Component 
Browser]
    ./src/components/
sections/Hero.tsx 
[Server Component]
    
./src/app/page.tsx 
[Server Component]


./src/components/sect
ions/Hero.module.scss
.module.css
Transforming CSS 
failed
Selector "hr" is not 
pure. Pure selectors 
must contain at 
least one local 
class or id.

Import trace:
  Client Component 
Browser:
    ./src/components/
sections/Hero.module.
scss.module.css 
[Client Component 
Browser]
    ./src/components/
sections/Hero.module.
scss [Client 
Component Browser]
    ./src/components/
sections/Hero.tsx 
[Client Component 
Browser]
    ./src/components/
sections/Hero.tsx 
[Server Component]
    
./src/app/page.tsx 
[Server Component]


./src/components/sect
ions/Hero.module.scss
.module.css
Transforming CSS 
failed
Selector "iframe" is 
not pure. Pure 
selectors must 
contain at least one 
local class or id.

Import trace:
  Client Component 
Browser:
    ./src/components/
sections/Hero.module.
scss.module.css 
[Client Component 
Browser]
    ./src/components/
sections/Hero.module.
scss [Client 
Component Browser]
    ./src/components/
sections/Hero.tsx 
[Client Component 
Browser]
    ./src/components/
sections/Hero.tsx 
[Server Component]
    
./src/app/page.tsx 
[Server Component]


./src/components/sect
ions/Hero.module.scss
.module.css
Transforming CSS 
failed
Selector "img" is 
not pure. Pure 
selectors must 
contain at least one 
local class or id.

Import trace:
  Client Component 
Browser:
    ./src/components/
sections/Hero.module.
scss.module.css 
[Client Component 
Browser]
    ./src/components/
sections/Hero.module.
scss [Client 
Component Browser]
    ./src/components/
sections/Hero.tsx 
[Client Component 
Browser]
    ./src/components/
sections/Hero.tsx 
[Server Component]
    
./src/app/page.tsx 
[Server Component]


./src/components/sect
ions/Hero.module.scss
.module.css
Transforming CSS 
failed
Selector "input" is 
not pure. Pure 
selectors must 
contain at least one 
local class or id.

Import trace:
  Client Component 
Browser:
    ./src/components/
sections/Hero.module.
scss.module.css 
[Client Component 
Browser]
    ./src/components/
sections/Hero.module.
scss [Client 
Component Browser]
    ./src/components/
sections/Hero.tsx 
[Client Component 
Browser]
    ./src/components/
sections/Hero.tsx 
[Server Component]
    
./src/app/page.tsx 
[Server Component]


./src/components/sect
ions/Hero.module.scss
.module.css
Transforming CSS 
failed
Selector "input:where
([type="button"], 
[type="reset"], 
[type="submit"])" is 
not pure. Pure 
selectors must 
contain at least one 
local class or id.

Import trace:
  Client Component 
Browser:
    ./src/components/
sections/Hero.module.
scss.module.css 
[Client Component 
Browser]
    ./src/components/
sections/Hero.module.
scss [Client 
Component Browser]
    ./src/components/
sections/Hero.tsx 
[Client Component 
Browser]
    ./src/components/
sections/Hero.tsx 
[Server Component]
    
./src/app/page.tsx 
[Server Component]


./src/components/sect
ions/Hero.module.scss
.module.css
Transforming CSS 
failed
Selector "kbd" is 
not pure. Pure 
selectors must 
contain at least one 
local class or id.

Import trace:
  Client Component 
Browser:
    ./src/components/
sections/Hero.module.
scss.module.css 
[Client Component 
Browser]
    ./src/components/
sections/Hero.module.
scss [Client 
Component Browser]
    ./src/components/
sections/Hero.tsx 
[Client Component 
Browser]
    ./src/components/
sections/Hero.tsx 
[Server Component]
    
./src/app/page.tsx 
[Server Component]


./src/components/sect
ions/Hero.module.scss
.module.css
Transforming CSS 
failed
Selector "menu" is 
not pure. Pure 
selectors must 
contain at least one 
local class or id.

Import trace:
  Client Component 
Browser:
    ./src/components/
sections/Hero.module.
scss.module.css 
[Client Component 
Browser]
    ./src/components/
sections/Hero.module.
scss [Client 
Component Browser]
    ./src/components/
sections/Hero.tsx 
[Client Component 
Browser]
    ./src/components/
sections/Hero.tsx 
[Server Component]
    
./src/app/page.tsx 
[Server Component]


./src/components/sect
ions/Hero.module.scss
.module.css
Transforming CSS 
failed
Selector "object" is 
not pure. Pure 
selectors must 
contain at least one 
local class or id.

Import trace:
  Client Component 
Browser:
    ./src/components/
sections/Hero.module.
scss.module.css 
[Client Component 
Browser]
    ./src/components/
sections/Hero.module.
scss [Client 
Component Browser]
    ./src/components/
sections/Hero.tsx 
[Client Component 
Browser]
    ./src/components/
sections/Hero.tsx 
[Server Component]
    
./src/app/page.tsx 
[Server Component]


./src/components/sect
ions/Hero.module.scss
.module.css
Transforming CSS 
failed
Selector "ol" is not 
pure. Pure selectors 
must contain at 
least one local 
class or id.

Import trace:
  Client Component 
Browser:
    ./src/components/
sections/Hero.module.
scss.module.css 
[Client Component 
Browser]
    ./src/components/
sections/Hero.module.
scss [Client 
Component Browser]
    ./src/components/
sections/Hero.tsx 
[Client Component 
Browser]
    ./src/components/
sections/Hero.tsx 
[Server Component]
    
./src/app/page.tsx 
[Server Component]


./src/components/sect
ions/Hero.module.scss
.module.css
Transforming CSS 
failed
Selector "optgroup" 
is not pure. Pure 
selectors must 
contain at least one 
local class or id.

Import trace:
  Client Component 
Browser:
    ./src/components/
sections/Hero.module.
scss.module.css 
[Client Component 
Browser]
    ./src/components/
sections/Hero.module.
scss [Client 
Component Browser]
    ./src/components/
sections/Hero.tsx 
[Client Component 
Browser]
    ./src/components/
sections/Hero.tsx 
[Server Component]
    
./src/app/page.tsx 
[Server Component]


./src/components/sect
ions/Hero.module.scss
.module.css
Transforming CSS 
failed
Selector "pre" is 
not pure. Pure 
selectors must 
contain at least one 
local class or id.

Import trace:
  Client Component 
Browser:
    ./src/components/
sections/Hero.module.
scss.module.css 
[Client Component 
Browser]
    ./src/components/
sections/Hero.module.
scss [Client 
Component Browser]
    ./src/components/
sections/Hero.tsx 
[Client Component 
Browser]
    ./src/components/
sections/Hero.tsx 
[Server Component]
    
./src/app/page.tsx 
[Server Component]


./src/components/sect
ions/Hero.module.scss
.module.css
Transforming CSS 
failed
Selector "progress" 
is not pure. Pure 
selectors must 
contain at least one 
local class or id.

Import trace:
  Client Component 
Browser:
    ./src/components/
sections/Hero.module.
scss.module.css 
[Client Component 
Browser]
    ./src/components/
sections/Hero.module.
scss [Client 
Component Browser]
    ./src/components/
sections/Hero.tsx 
[Client Component 
Browser]
    ./src/components/
sections/Hero.tsx 
[Server Component]
    
./src/app/page.tsx 
[Server Component]


./src/components/sect
ions/Hero.module.scss
.module.css
Transforming CSS 
failed
Selector "samp" is 
not pure. Pure 
selectors must 
contain at least one 
local class or id.

Import trace:
  Client Component 
Browser:
    ./src/components/
sections/Hero.module.
scss.module.css 
[Client Component 
Browser]
    ./src/components/
sections/Hero.module.
scss [Client 
Component Browser]
    ./src/components/
sections/Hero.tsx 
[Client Component 
Browser]
    ./src/components/
sections/Hero.tsx 
[Server Component]
    
./src/app/page.tsx 
[Server Component]


./src/components/sect
ions/Hero.module.scss
.module.css
Transforming CSS 
failed
Selector "select" is 
not pure. Pure 
selectors must 
contain at least one 
local class or id.

Import trace:
  Client Component 
Browser:
    ./src/components/
sections/Hero.module.
scss.module.css 
[Client Component 
Browser]
    ./src/components/
sections/Hero.module.
scss [Client 
Component Browser]
    ./src/components/
sections/Hero.tsx 
[Client Component 
Browser]
    ./src/components/
sections/Hero.tsx 
[Server Component]
    
./src/app/page.tsx 
[Server Component]


./src/components/sect
ions/Hero.module.scss
.module.css
Transforming CSS 
failed
Selector "small" is 
not pure. Pure 
selectors must 
contain at least one 
local class or id.

Import trace:
  Client Component 
Browser:
    ./src/components/
sections/Hero.module.
scss.module.css 
[Client Component 
Browser]
    ./src/components/
sections/Hero.module.
scss [Client 
Component Browser]
    ./src/components/
sections/Hero.tsx 
[Client Component 
Browser]
    ./src/components/
sections/Hero.tsx 
[Server Component]
    
./src/app/page.tsx 
[Server Component]


./src/components/sect
ions/Hero.module.scss
.module.css
Transforming CSS 
failed
Selector "strong" is 
not pure. Pure 
selectors must 
contain at least one 
local class or id.

Import trace:
  Client Component 
Browser:
    ./src/components/
sections/Hero.module.
scss.module.css 
[Client Component 
Browser]
    ./src/components/
sections/Hero.module.
scss [Client 
Component Browser]
    ./src/components/
sections/Hero.tsx 
[Client Component 
Browser]
    ./src/components/
sections/Hero.tsx 
[Server Component]
    
./src/app/page.tsx 
[Server Component]


./src/components/sect
ions/Hero.module.scss
.module.css
Transforming CSS 
failed
Selector "sub" is 
not pure. Pure 
selectors must 
contain at least one 
local class or id.

Import trace:
  Client Component 
Browser:
    ./src/components/
sections/Hero.module.
scss.module.css 
[Client Component 
Browser]
    ./src/components/
sections/Hero.module.
scss [Client 
Component Browser]
    ./src/components/
sections/Hero.tsx 
[Client Component 
Browser]
    ./src/components/
sections/Hero.tsx 
[Server Component]
    
./src/app/page.tsx 
[Server Component]


./src/components/sect
ions/Hero.module.scss
.module.css
Transforming CSS 
failed
Selector "summary" 
is not pure. Pure 
selectors must 
contain at least one 
local class or id.

Import trace:
  Client Component 
Browser:
    ./src/components/
sections/Hero.module.
scss.module.css 
[Client Component 
Browser]
    ./src/components/
sections/Hero.module.
scss [Client 
Component Browser]
    ./src/components/
sections/Hero.tsx 
[Client Component 
Browser]
    ./src/components/
sections/Hero.tsx 
[Server Component]
    
./src/app/page.tsx 
[Server Component]


./src/components/sect
ions/Hero.module.scss
.module.css
Transforming CSS 
failed
Selector "sup" is 
not pure. Pure 
selectors must 
contain at least one 
local class or id.

Import trace:
  Client Component 
Browser:
    ./src/components/
sections/Hero.module.
scss.module.css 
[Client Component 
Browser]
    ./src/components/
sections/Hero.module.
scss [Client 
Component Browser]
    ./src/components/
sections/Hero.tsx 
[Client Component 
Browser]
    ./src/components/
sections/Hero.tsx 
[Server Component]
    
./src/app/page.tsx 
[Server Component]


./src/components/sect
ions/Hero.module.scss
.module.css
Transforming CSS 
failed
Selector "svg" is 
not pure. Pure 
selectors must 
contain at least one 
local class or id.

Import trace:
  Client Component 
Browser:
    ./src/components/
sections/Hero.module.
scss.module.css 
[Client Component 
Browser]
    ./src/components/
sections/Hero.module.
scss [Client 
Component Browser]
    ./src/components/
sections/Hero.tsx 
[Client Component 
Browser]
    ./src/components/
sections/Hero.tsx 
[Server Component]
    
./src/app/page.tsx 
[Server Component]


./src/components/sect
ions/Hero.module.scss
.module.css
Transforming CSS 
failed
Selector "table" is 
not pure. Pure 
selectors must 
contain at least one 
local class or id.

Import trace:
  Client Component 
Browser:
    ./src/components/
sections/Hero.module.
scss.module.css 
[Client Component 
Browser]
    ./src/components/
sections/Hero.module.
scss [Client 
Component Browser]
    ./src/components/
sections/Hero.tsx 
[Client Component 
Browser]
    ./src/components/
sections/Hero.tsx 
[Server Component]
    
./src/app/page.tsx 
[Server Component]


./src/components/sect
ions/Hero.module.scss
.module.css
Transforming CSS 
failed
Selector "textarea" 
is not pure. Pure 
selectors must 
contain at least one 
local class or id.

Import trace:
  Client Component 
Browser:
    ./src/components/
sections/Hero.module.
scss.module.css 
[Client Component 
Browser]
    ./src/components/
sections/Hero.module.
scss [Client 
Component Browser]
    ./src/components/
sections/Hero.tsx 
[Client Component 
Browser]
    ./src/components/
sections/Hero.tsx 
[Server Component]
    
./src/app/page.tsx 
[Server Component]


./src/components/sect
ions/Hero.module.scss
.module.css
Transforming CSS 
failed
Selector "ul" is not 
pure. Pure selectors 
must contain at 
least one local 
class or id.

Import trace:
  Client Component 
Browser:
    ./src/components/
sections/Hero.module.
scss.module.css 
[Client Component 
Browser]
    ./src/components/
sections/Hero.module.
scss [Client 
Component Browser]
    ./src/components/
sections/Hero.tsx 
[Client Component 
Browser]
    ./src/components/
sections/Hero.tsx 
[Server Component]
    
./src/app/page.tsx 
[Server Component]


./src/components/sect
ions/Hero.module.scss
.module.css
Transforming CSS 
failed
Selector "video" is 
not pure. Pure 
selectors must 
contain at least one 
local class or id.

Import trace:
  Client Component 
Browser:
    ./src/components/
sections/Hero.module.
scss.module.css 
[Client Component 
Browser]
    ./src/components/
sections/Hero.module.
scss [Client 
Component Browser]
    ./src/components/
sections/Hero.tsx 
[Client Component 
Browser]
    ./src/components/
sections/Hero.tsx 
[Server Component]
    
./src/app/page.tsx 
[Server Component]


./src/components/sect
ions/Projects.module.
scss.module.css
Transforming CSS 
failed
Selector "*" is not 
pure. Pure selectors 
must contain at 
least one local 
class or id.

Import trace:
  Client Component 
Browser:
    ./src/components/
sections/Projects.mod
ule.scss.module.css 
[Client Component 
Browser]
    ./src/components/
sections/Projects.mod
ule.scss [Client 
Component Browser]
    ./src/components/
sections/Projects.tsx
 [Client Component 
Browser]
    ./src/components/
sections/Projects.tsx
 [Server Component]
    
./src/app/page.tsx 
[Server Component]


./src/components/sect
ions/Projects.module.
scss.module.css
Transforming CSS 
failed
Selector "[hidden]:wh
ere(:not([hidden="unt
il-found"]))" is not 
pure. Pure selectors 
must contain at 
least one local 
class or id.

Import trace:
  Client Component 
Browser:
    ./src/components/
sections/Projects.mod
ule.scss.module.css 
[Client Component 
Browser]
    ./src/components/
sections/Projects.mod
ule.scss [Client 
Component Browser]
    ./src/components/
sections/Projects.tsx
 [Client Component 
Browser]
    ./src/components/
sections/Projects.tsx
 [Server Component]
    
./src/app/page.tsx 
[Server Component]


./src/components/sect
ions/Projects.module.
scss.module.css
Transforming CSS 
failed
Selector "a" is not 
pure. Pure selectors 
must contain at 
least one local 
class or id.

Import trace:
  Client Component 
Browser:
    ./src/components/
sections/Projects.mod
ule.scss.module.css 
[Client Component 
Browser]
    ./src/components/
sections/Projects.mod
ule.scss [Client 
Component Browser]
    ./src/components/
sections/Projects.tsx
 [Client Component 
Browser]
    ./src/components/
sections/Projects.tsx
 [Server Component]
    
./src/app/page.tsx 
[Server Component]


./src/components/sect
ions/Projects.module.
scss.module.css
Transforming CSS 
failed
Selector "abbr:where(
[title])" is not 
pure. Pure selectors 
must contain at 
least one local 
class or id.

Import trace:
  Client Component 
Browser:
    ./src/components/
sections/Projects.mod
ule.scss.module.css 
[Client Component 
Browser]
    ./src/components/
sections/Projects.mod
ule.scss [Client 
Component Browser]
    ./src/components/
sections/Projects.tsx
 [Client Component 
Browser]
    ./src/components/
sections/Projects.tsx
 [Server Component]
    
./src/app/page.tsx 
[Server Component]


./src/components/sect
ions/Projects.module.
scss.module.css
Transforming CSS 
failed
Selector "audio" is 
not pure. Pure 
selectors must 
contain at least one 
local class or id.

Import trace:
  Client Component 
Browser:
    ./src/components/
sections/Projects.mod
ule.scss.module.css 
[Client Component 
Browser]
    ./src/components/
sections/Projects.mod
ule.scss [Client 
Component Browser]
    ./src/components/
sections/Projects.tsx
 [Client Component 
Browser]
    ./src/components/
sections/Projects.tsx
 [Server Component]
    
./src/app/page.tsx 
[Server Component]


./src/components/sect
ions/Projects.module.
scss.module.css
Transforming CSS 
failed
Selector "b" is not 
pure. Pure selectors 
must contain at 
least one local 
class or id.

Import trace:
  Client Component 
Browser:
    ./src/components/
sections/Projects.mod
ule.scss.module.css 
[Client Component 
Browser]
    ./src/components/
sections/Projects.mod
ule.scss [Client 
Component Browser]
    ./src/components/
sections/Projects.tsx
 [Client Component 
Browser]
    ./src/components/
sections/Projects.tsx
 [Server Component]
    
./src/app/page.tsx 
[Server Component]


./src/components/sect
ions/Projects.module.
scss.module.css
Transforming CSS 
failed
Selector "button" is 
not pure. Pure 
selectors must 
contain at least one 
local class or id.

Import trace:
  Client Component 
Browser:
    ./src/components/
sections/Projects.mod
ule.scss.module.css 
[Client Component 
Browser]
    ./src/components/
sections/Projects.mod
ule.scss [Client 
Component Browser]
    ./src/components/
sections/Projects.tsx
 [Client Component 
Browser]
    ./src/components/
sections/Projects.tsx
 [Server Component]
    
./src/app/page.tsx 
[Server Component]


./src/components/sect
ions/Projects.module.
scss.module.css
Transforming CSS 
failed
Selector "canvas" is 
not pure. Pure 
selectors must 
contain at least one 
local class or id.

Import trace:
  Client Component 
Browser:
    ./src/components/
sections/Projects.mod
ule.scss.module.css 
[Client Component 
Browser]
    ./src/components/
sections/Projects.mod
ule.scss [Client 
Component Browser]
    ./src/components/
sections/Projects.tsx
 [Client Component 
Browser]
    ./src/components/
sections/Projects.tsx
 [Server Component]
    
./src/app/page.tsx 
[Server Component]


./src/components/sect
ions/Projects.module.
scss.module.css
Transforming CSS 
failed
Selector "code" is 
not pure. Pure 
selectors must 
contain at least one 
local class or id.

Import trace:
  Client Component 
Browser:
    ./src/components/
sections/Projects.mod
ule.scss.module.css 
[Client Component 
Browser]
    ./src/components/
sections/Projects.mod
ule.scss [Client 
Component Browser]
    ./src/components/
sections/Projects.tsx
 [Client Component 
Browser]
    ./src/components/
sections/Projects.tsx
 [Server Component]
    
./src/app/page.tsx 
[Server Component]


./src/components/sect
ions/Projects.module.
scss.module.css
Transforming CSS 
failed
Selector "embed" is 
not pure. Pure 
selectors must 
contain at least one 
local class or id.

Import trace:
  Client Component 
Browser:
    ./src/components/
sections/Projects.mod
ule.scss.module.css 
[Client Component 
Browser]
    ./src/components/
sections/Projects.mod
ule.scss [Client 
Component Browser]
    ./src/components/
sections/Projects.tsx
 [Client Component 
Browser]
    ./src/components/
sections/Projects.tsx
 [Server Component]
    
./src/app/page.tsx 
[Server Component]


./src/components/sect
ions/Projects.module.
scss.module.css
Transforming CSS 
failed
Selector "h1" is not 
pure. Pure selectors 
must contain at 
least one local 
class or id.

Import trace:
  Client Component 
Browser:
    ./src/components/
sections/Projects.mod
ule.scss.module.css 
[Client Component 
Browser]
    ./src/components/
sections/Projects.mod
ule.scss [Client 
Component Browser]
    ./src/components/
sections/Projects.tsx
 [Client Component 
Browser]
    ./src/components/
sections/Projects.tsx
 [Server Component]
    
./src/app/page.tsx 
[Server Component]


./src/components/sect
ions/Projects.module.
scss.module.css
Transforming CSS 
failed
Selector "h2" is not 
pure. Pure selectors 
must contain at 
least one local 
class or id.

Import trace:
  Client Component 
Browser:
    ./src/components/
sections/Projects.mod
ule.scss.module.css 
[Client Component 
Browser]
    ./src/components/
sections/Projects.mod
ule.scss [Client 
Component Browser]
    ./src/components/
sections/Projects.tsx
 [Client Component 
Browser]
    ./src/components/
sections/Projects.tsx
 [Server Component]
    
./src/app/page.tsx 
[Server Component]


./src/components/sect
ions/Projects.module.
scss.module.css
Transforming CSS 
failed
Selector "h3" is not 
pure. Pure selectors 
must contain at 
least one local 
class or id.

Import trace:
  Client Component 
Browser:
    ./src/components/
sections/Projects.mod
ule.scss.module.css 
[Client Component 
Browser]
    ./src/components/
sections/Projects.mod
ule.scss [Client 
Component Browser]
    ./src/components/
sections/Projects.tsx
 [Client Component 
Browser]
    ./src/components/
sections/Projects.tsx
 [Server Component]
    
./src/app/page.tsx 
[Server Component]


./src/components/sect
ions/Projects.module.
scss.module.css
Transforming CSS 
failed
Selector "h4" is not 
pure. Pure selectors 
must contain at 
least one local 
class or id.

Import trace:
  Client Component 
Browser:
    ./src/components/
sections/Projects.mod
ule.scss.module.css 
[Client Component 
Browser]
    ./src/components/
sections/Projects.mod
ule.scss [Client 
Component Browser]
    ./src/components/
sections/Projects.tsx
 [Client Component 
Browser]
    ./src/components/
sections/Projects.tsx
 [Server Component]
    
./src/app/page.tsx 
[Server Component]


./src/components/sect
ions/Projects.module.
scss.module.css
Transforming CSS 
failed
Selector "h5" is not 
pure. Pure selectors 
must contain at 
least one local 
class or id.

Import trace:
  Client Component 
Browser:
    ./src/components/
sections/Projects.mod
ule.scss.module.css 
[Client Component 
Browser]
    ./src/components/
sections/Projects.mod
ule.scss [Client 
Component Browser]
    ./src/components/
sections/Projects.tsx
 [Client Component 
Browser]
    ./src/components/
sections/Projects.tsx
 [Server Component]
    
./src/app/page.tsx 
[Server Component]


./src/components/sect
ions/Projects.module.
scss.module.css
Transforming CSS 
failed
Selector "h6" is not 
pure. Pure selectors 
must contain at 
least one local 
class or id.

Import trace:
  Client Component 
Browser:
    ./src/components/
sections/Projects.mod
ule.scss.module.css 
[Client Component 
Browser]
    ./src/components/
sections/Projects.mod
ule.scss [Client 
Component Browser]
    ./src/components/
sections/Projects.tsx
 [Client Component 
Browser]
    ./src/components/
sections/Projects.tsx
 [Server Component]
    
./src/app/page.tsx 
[Server Component]


./src/components/sect
ions/Projects.module.
scss.module.css
Transforming CSS 
failed
Selector "hr" is not 
pure. Pure selectors 
must contain at 
least one local 
class or id.

Import trace:
  Client Component 
Browser:
    ./src/components/
sections/Projects.mod
ule.scss.module.css 
[Client Component 
Browser]
    ./src/components/
sections/Projects.mod
ule.scss [Client 
Component Browser]
    ./src/components/
sections/Projects.tsx
 [Client Component 
Browser]
    ./src/components/
sections/Projects.tsx
 [Server Component]
    
./src/app/page.tsx 
[Server Component]


./src/components/sect
ions/Projects.module.
scss.module.css
Transforming CSS 
failed
Selector "iframe" is 
not pure. Pure 
selectors must 
contain at least one 
local class or id.

Import trace:
  Client Component 
Browser:
    ./src/components/
sections/Projects.mod
ule.scss.module.css 
[Client Component 
Browser]
    ./src/components/
sections/Projects.mod
ule.scss [Client 
Component Browser]
    ./src/components/
sections/Projects.tsx
 [Client Component 
Browser]
    ./src/components/
sections/Projects.tsx
 [Server Component]
    
./src/app/page.tsx 
[Server Component]


./src/components/sect
ions/Projects.module.
scss.module.css
Transforming CSS 
failed
Selector "img" is 
not pure. Pure 
selectors must 
contain at least one 
local class or id.

Import trace:
  Client Component 
Browser:
    ./src/components/
sections/Projects.mod
ule.scss.module.css 
[Client Component 
Browser]
    ./src/components/
sections/Projects.mod
ule.scss [Client 
Component Browser]
    ./src/components/
sections/Projects.tsx
 [Client Component 
Browser]
    ./src/components/
sections/Projects.tsx
 [Server Component]
    
./src/app/page.tsx 
[Server Component]


./src/components/sect
ions/Projects.module.
scss.module.css
Transforming CSS 
failed
Selector "input" is 
not pure. Pure 
selectors must 
contain at least one 
local class or id.

Import trace:
  Client Component 
Browser:
    ./src/components/
sections/Projects.mod
ule.scss.module.css 
[Client Component 
Browser]
    ./src/components/
sections/Projects.mod
ule.scss [Client 
Component Browser]
    ./src/components/
sections/Projects.tsx
 [Client Component 
Browser]
    ./src/components/
sections/Projects.tsx
 [Server Component]
    
./src/app/page.tsx 
[Server Component]


./src/components/sect
ions/Projects.module.
scss.module.css
Transforming CSS 
failed
Selector "input:where
([type="button"], 
[type="reset"], 
[type="submit"])" is 
not pure. Pure 
selectors must 
contain at least one 
local class or id.

Import trace:
  Client Component 
Browser:
    ./src/components/
sections/Projects.mod
ule.scss.module.css 
[Client Component 
Browser]
    ./src/components/
sections/Projects.mod
ule.scss [Client 
Component Browser]
    ./src/components/
sections/Projects.tsx
 [Client Component 
Browser]
    ./src/components/
sections/Projects.tsx
 [Server Component]
    
./src/app/page.tsx 
[Server Component]


./src/components/sect
ions/Projects.module.
scss.module.css
Transforming CSS 
failed
Selector "kbd" is 
not pure. Pure 
selectors must 
contain at least one 
local class or id.

Import trace:
  Client Component 
Browser:
    ./src/components/
sections/Projects.mod
ule.scss.module.css 
[Client Component 
Browser]
    ./src/components/
sections/Projects.mod
ule.scss [Client 
Component Browser]
    ./src/components/
sections/Projects.tsx
 [Client Component 
Browser]
    ./src/components/
sections/Projects.tsx
 [Server Component]
    
./src/app/page.tsx 
[Server Component]


./src/components/sect
ions/Projects.module.
scss.module.css
Transforming CSS 
failed
Selector "menu" is 
not pure. Pure 
selectors must 
contain at least one 
local class or id.

Import trace:
  Client Component 
Browser:
    ./src/components/
sections/Projects.mod
ule.scss.module.css 
[Client Component 
Browser]
    ./src/components/
sections/Projects.mod
ule.scss [Client 
Component Browser]
    ./src/components/
sections/Projects.tsx
 [Client Component 
Browser]
    ./src/components/
sections/Projects.tsx
 [Server Component]
    
./src/app/page.tsx 
[Server Component]


./src/components/sect
ions/Projects.module.
scss.module.css
Transforming CSS 
failed
Selector "object" is 
not pure. Pure 
selectors must 
contain at least one 
local class or id.

Import trace:
  Client Component 
Browser:
    ./src/components/
sections/Projects.mod
ule.scss.module.css 
[Client Component 
Browser]
    ./src/components/
sections/Projects.mod
ule.scss [Client 
Component Browser]
    ./src/components/
sections/Projects.tsx
 [Client Component 
Browser]
    ./src/components/
sections/Projects.tsx
 [Server Component]
    
./src/app/page.tsx 
[Server Component]


./src/components/sect
ions/Projects.module.
scss.module.css
Transforming CSS 
failed
Selector "ol" is not 
pure. Pure selectors 
must contain at 
least one local 
class or id.

Import trace:
  Client Component 
Browser:
    ./src/components/
sections/Projects.mod
ule.scss.module.css 
[Client Component 
Browser]
    ./src/components/
sections/Projects.mod
ule.scss [Client 
Component Browser]
    ./src/components/
sections/Projects.tsx
 [Client Component 
Browser]
    ./src/components/
sections/Projects.tsx
 [Server Component]
    
./src/app/page.tsx 
[Server Component]


./src/components/sect
ions/Projects.module.
scss.module.css
Transforming CSS 
failed
Selector "optgroup" 
is not pure. Pure 
selectors must 
contain at least one 
local class or id.

Import trace:
  Client Component 
Browser:
    ./src/components/
sections/Projects.mod
ule.scss.module.css 
[Client Component 
Browser]
    ./src/components/
sections/Projects.mod
ule.scss [Client 
Component Browser]
    ./src/components/
sections/Projects.tsx
 [Client Component 
Browser]
    ./src/components/
sections/Projects.tsx
 [Server Component]
    
./src/app/page.tsx 
[Server Component]


./src/components/sect
ions/Projects.module.
scss.module.css
Transforming CSS 
failed
Selector "pre" is 
not pure. Pure 
selectors must 
contain at least one 
local class or id.

Import trace:
  Client Component 
Browser:
    ./src/components/
sections/Projects.mod
ule.scss.module.css 
[Client Component 
Browser]
    ./src/components/
sections/Projects.mod
ule.scss [Client 
Component Browser]
    ./src/components/
sections/Projects.tsx
 [Client Component 
Browser]
    ./src/components/
sections/Projects.tsx
 [Server Component]
    
./src/app/page.tsx 
[Server Component]


./src/components/sect
ions/Projects.module.
scss.module.css
Transforming CSS 
failed
Selector "progress" 
is not pure. Pure 
selectors must 
contain at least one 
local class or id.

Import trace:
  Client Component 
Browser:
    ./src/components/
sections/Projects.mod
ule.scss.module.css 
[Client Component 
Browser]
    ./src/components/
sections/Projects.mod
ule.scss [Client 
Component Browser]
    ./src/components/
sections/Projects.tsx
 [Client Component 
Browser]
    ./src/components/
sections/Projects.tsx
 [Server Component]
    
./src/app/page.tsx 
[Server Component]


./src/components/sect
ions/Projects.module.
scss.module.css
Transforming CSS 
failed
Selector "samp" is 
not pure. Pure 
selectors must 
contain at least one 
local class or id.

Import trace:
  Client Component 
Browser:
    ./src/components/
sections/Projects.mod
ule.scss.module.css 
[Client Component 
Browser]
    ./src/components/
sections/Projects.mod
ule.scss [Client 
Component Browser]
    ./src/components/
sections/Projects.tsx
 [Client Component 
Browser]
    ./src/components/
sections/Projects.tsx
 [Server Component]
    
./src/app/page.tsx 
[Server Component]


./src/components/sect
ions/Projects.module.
scss.module.css
Transforming CSS 
failed
Selector "select" is 
not pure. Pure 
selectors must 
contain at least one 
local class or id.

Import trace:
  Client Component 
Browser:
    ./src/components/
sections/Projects.mod
ule.scss.module.css 
[Client Component 
Browser]
    ./src/components/
sections/Projects.mod
ule.scss [Client 
Component Browser]
    ./src/components/
sections/Projects.tsx
 [Client Component 
Browser]
    ./src/components/
sections/Projects.tsx
 [Server Component]
    
./src/app/page.tsx 
[Server Component]


./src/components/sect
ions/Projects.module.
scss.module.css
Transforming CSS 
failed
Selector "small" is 
not pure. Pure 
selectors must 
contain at least one 
local class or id.

Import trace:
  Client Component 
Browser:
    ./src/components/
sections/Projects.mod
ule.scss.module.css 
[Client Component 
Browser]
    ./src/components/
sections/Projects.mod
ule.scss [Client 
Component Browser]
    ./src/components/
sections/Projects.tsx
 [Client Component 
Browser]
    ./src/components/
sections/Projects.tsx
 [Server Component]
    
./src/app/page.tsx 
[Server Component]


./src/components/sect
ions/Projects.module.
scss.module.css
Transforming CSS 
failed
Selector "strong" is 
not pure. Pure 
selectors must 
contain at least one 
local class or id.

Import trace:
  Client Component 
Browser:
    ./src/components/
sections/Projects.mod
ule.scss.module.css 
[Client Component 
Browser]
    ./src/components/
sections/Projects.mod
ule.scss [Client 
Component Browser]
    ./src/components/
sections/Projects.tsx
 [Client Component 
Browser]
    ./src/components/
sections/Projects.tsx
 [Server Component]
    
./src/app/page.tsx 
[Server Component]


./src/components/sect
ions/Projects.module.
scss.module.css
Transforming CSS 
failed
Selector "sub" is 
not pure. Pure 
selectors must 
contain at least one 
local class or id.

Import trace:
  Client Component 
Browser:
    ./src/components/
sections/Projects.mod
ule.scss.module.css 
[Client Component 
Browser]
    ./src/components/
sections/Projects.mod
ule.scss [Client 
Component Browser]
    ./src/components/
sections/Projects.tsx
 [Client Component 
Browser]
    ./src/components/
sections/Projects.tsx
 [Server Component]
    
./src/app/page.tsx 
[Server Component]


./src/components/sect
ions/Projects.module.
scss.module.css
Transforming CSS 
failed
Selector "summary" 
is not pure. Pure 
selectors must 
contain at least one 
local class or id.

Import trace:
  Client Component 
Browser:
    ./src/components/
sections/Projects.mod
ule.scss.module.css 
[Client Component 
Browser]
    ./src/components/
sections/Projects.mod
ule.scss [Client 
Component Browser]
    ./src/components/
sections/Projects.tsx
 [Client Component 
Browser]
    ./src/components/
sections/Projects.tsx
 [Server Component]
    
./src/app/page.tsx 
[Server Component]


./src/components/sect
ions/Projects.module.
scss.module.css
Transforming CSS 
failed
Selector "sup" is 
not pure. Pure 
selectors must 
contain at least one 
local class or id.

Import trace:
  Client Component 
Browser:
    ./src/components/
sections/Projects.mod
ule.scss.module.css 
[Client Component 
Browser]
    ./src/components/
sections/Projects.mod
ule.scss [Client 
Component Browser]
    ./src/components/
sections/Projects.tsx
 [Client Component 
Browser]
    ./src/components/
sections/Projects.tsx
 [Server Component]
    
./src/app/page.tsx 
[Server Component]


./src/components/sect
ions/Projects.module.
scss.module.css
Transforming CSS 
failed
Selector "svg" is 
not pure. Pure 
selectors must 
contain at least one 
local class or id.

Import trace:
  Client Component 
Browser:
    ./src/components/
sections/Projects.mod
ule.scss.module.css 
[Client Component 
Browser]
    ./src/components/
sections/Projects.mod
ule.scss [Client 
Component Browser]
    ./src/components/
sections/Projects.tsx
 [Client Component 
Browser]
    ./src/components/
sections/Projects.tsx
 [Server Component]
    
./src/app/page.tsx 
[Server Component]


./src/components/sect
ions/Projects.module.
scss.module.css
Transforming CSS 
failed
Selector "table" is 
not pure. Pure 
selectors must 
contain at least one 
local class or id.

Import trace:
  Client Component 
Browser:
    ./src/components/
sections/Projects.mod
ule.scss.module.css 
[Client Component 
Browser]
    ./src/components/
sections/Projects.mod
ule.scss [Client 
Component Browser]
    ./src/components/
sections/Projects.tsx
 [Client Component 
Browser]
    ./src/components/
sections/Projects.tsx
 [Server Component]
    
./src/app/page.tsx 
[Server Component]


./src/components/sect
ions/Projects.module.
scss.module.css
Transforming CSS 
failed
Selector "textarea" 
is not pure. Pure 
selectors must 
contain at least one 
local class or id.

Import trace:
  Client Component 
Browser:
    ./src/components/
sections/Projects.mod
ule.scss.module.css 
[Client Component 
Browser]
    ./src/components/
sections/Projects.mod
ule.scss [Client 
Component Browser]
    ./src/components/
sections/Projects.tsx
 [Client Component 
Browser]
    ./src/components/
sections/Projects.tsx
 [Server Component]
    
./src/app/page.tsx 
[Server Component]


./src/components/sect
ions/Projects.module.
scss.module.css
Transforming CSS 
failed
Selector "ul" is not 
pure. Pure selectors 
must contain at 
least one local 
class or id.

Import trace:
  Client Component 
Browser:
    ./src/components/
sections/Projects.mod
ule.scss.module.css 
[Client Component 
Browser]
    ./src/components/
sections/Projects.mod
ule.scss [Client 
Component Browser]
    ./src/components/
sections/Projects.tsx
 [Client Component 
Browser]
    ./src/components/
sections/Projects.tsx
 [Server Component]
    
./src/app/page.tsx 
[Server Component]


./src/components/sect
ions/Projects.module.
scss.module.css
Transforming CSS 
failed
Selector "video" is 
not pure. Pure 
selectors must 
contain at least one 
local class or id.

Import trace:
  Client Component 
Browser:
    ./src/components/
sections/Projects.mod
ule.scss.module.css 
[Client Component 
Browser]
    ./src/components/
sections/Projects.mod
ule.scss [Client 
Component Browser]
    ./src/components/
sections/Projects.tsx
 [Client Component 
Browser]
    ./src/components/
sections/Projects.tsx
 [Server Component]
    
./src/app/page.tsx 
[Server Component]


./src/components/sect
ions/Skills.module.sc
ss.module.css
Transforming CSS 
failed
Selector "*" is not 
pure. Pure selectors 
must contain at 
least one local 
class or id.

Import trace:
  Client Component 
Browser:
    ./src/components/
sections/Skills.modul
e.scss.module.css 
[Client Component 
Browser]
    ./src/components/
sections/Skills.modul
e.scss [Client 
Component Browser]
    ./src/components/
sections/Skills.tsx 
[Client Component 
Browser]
    ./src/components/
sections/Skills.tsx 
[Server Component]
    
./src/app/page.tsx 
[Server Component]


./src/components/sect
ions/Skills.module.sc
ss.module.css
Transforming CSS 
failed
Selector "[hidden]:wh
ere(:not([hidden="unt
il-found"]))" is not 
pure. Pure selectors 
must contain at 
least one local 
class or id.

Import trace:
  Client Component 
Browser:
    ./src/components/
sections/Skills.modul
e.scss.module.css 
[Client Component 
Browser]
    ./src/components/
sections/Skills.modul
e.scss [Client 
Component Browser]
    ./src/components/
sections/Skills.tsx 
[Client Component 
Browser]
    ./src/components/
sections/Skills.tsx 
[Server Component]
    
./src/app/page.tsx 
[Server Component]


./src/components/sect
ions/Skills.module.sc
ss.module.css
Transforming CSS 
failed
Selector "a" is not 
pure. Pure selectors 
must contain at 
least one local 
class or id.

Import trace:
  Client Component 
Browser:
    ./src/components/
sections/Skills.modul
e.scss.module.css 
[Client Component 
Browser]
    ./src/components/
sections/Skills.modul
e.scss [Client 
Component Browser]
    ./src/components/
sections/Skills.tsx 
[Client Component 
Browser]
    ./src/components/
sections/Skills.tsx 
[Server Component]
    
./src/app/page.tsx 
[Server Component]


./src/components/sect
ions/Skills.module.sc
ss.module.css
Transforming CSS 
failed
Selector "abbr:where(
[title])" is not 
pure. Pure selectors 
must contain at 
least one local 
class or id.

Import trace:
  Client Component 
Browser:
    ./src/components/
sections/Skills.modul
e.scss.module.css 
[Client Component 
Browser]
    ./src/components/
sections/Skills.modul
e.scss [Client 
Component Browser]
    ./src/components/
sections/Skills.tsx 
[Client Component 
Browser]
    ./src/components/
sections/Skills.tsx 
[Server Component]
    
./src/app/page.tsx 
[Server Component]


./src/components/sect
ions/Skills.module.sc
ss.module.css
Transforming CSS 
failed
Selector "audio" is 
not pure. Pure 
selectors must 
contain at least one 
local class or id.

Import trace:
  Client Component 
Browser:
    ./src/components/
sections/Skills.modul
e.scss.module.css 
[Client Component 
Browser]
    ./src/components/
sections/Skills.modul
e.scss [Client 
Component Browser]
    ./src/components/
sections/Skills.tsx 
[Client Component 
Browser]
    ./src/components/
sections/Skills.tsx 
[Server Component]
    
./src/app/page.tsx 
[Server Component]


./src/components/sect
ions/Skills.module.sc
ss.module.css
Transforming CSS 
failed
Selector "b" is not 
pure. Pure selectors 
must contain at 
least one local 
class or id.

Import trace:
  Client Component 
Browser:
    ./src/components/
sections/Skills.modul
e.scss.module.css 
[Client Component 
Browser]
    ./src/components/
sections/Skills.modul
e.scss [Client 
Component Browser]
    ./src/components/
sections/Skills.tsx 
[Client Component 
Browser]
    ./src/components/
sections/Skills.tsx 
[Server Component]
    
./src/app/page.tsx 
[Server Component]


./src/components/sect
ions/Skills.module.sc
ss.module.css
Transforming CSS 
failed
Selector "button" is 
not pure. Pure 
selectors must 
contain at least one 
local class or id.

Import trace:
  Client Component 
Browser:
    ./src/components/
sections/Skills.modul
e.scss.module.css 
[Client Component 
Browser]
    ./src/components/
sections/Skills.modul
e.scss [Client 
Component Browser]
    ./src/components/
sections/Skills.tsx 
[Client Component 
Browser]
    ./src/components/
sections/Skills.tsx 
[Server Component]
    
./src/app/page.tsx 
[Server Component]


./src/components/sect
ions/Skills.module.sc
ss.module.css
Transforming CSS 
failed
Selector "canvas" is 
not pure. Pure 
selectors must 
contain at least one 
local class or id.

Import trace:
  Client Component 
Browser:
    ./src/components/
sections/Skills.modul
e.scss.module.css 
[Client Component 
Browser]
    ./src/components/
sections/Skills.modul
e.scss [Client 
Component Browser]
    ./src/components/
sections/Skills.tsx 
[Client Component 
Browser]
    ./src/components/
sections/Skills.tsx 
[Server Component]
    
./src/app/page.tsx 
[Server Component]


./src/components/sect
ions/Skills.module.sc
ss.module.css
Transforming CSS 
failed
Selector "code" is 
not pure. Pure 
selectors must 
contain at least one 
local class or id.

Import trace:
  Client Component 
Browser:
    ./src/components/
sections/Skills.modul
e.scss.module.css 
[Client Component 
Browser]
    ./src/components/
sections/Skills.modul
e.scss [Client 
Component Browser]
    ./src/components/
sections/Skills.tsx 
[Client Component 
Browser]
    ./src/components/
sections/Skills.tsx 
[Server Component]
    
./src/app/page.tsx 
[Server Component]


./src/components/sect
ions/Skills.module.sc
ss.module.css
Transforming CSS 
failed
Selector "embed" is 
not pure. Pure 
selectors must 
contain at least one 
local class or id.

Import trace:
  Client Component 
Browser:
    ./src/components/
sections/Skills.modul
e.scss.module.css 
[Client Component 
Browser]
    ./src/components/
sections/Skills.modul
e.scss [Client 
Component Browser]
    ./src/components/
sections/Skills.tsx 
[Client Component 
Browser]
    ./src/components/
sections/Skills.tsx 
[Server Component]
    
./src/app/page.tsx 
[Server Component]


./src/components/sect
ions/Skills.module.sc
ss.module.css
Transforming CSS 
failed
Selector "h1" is not 
pure. Pure selectors 
must contain at 
least one local 
class or id.

Import trace:
  Client Component 
Browser:
    ./src/components/
sections/Skills.modul
e.scss.module.css 
[Client Component 
Browser]
    ./src/components/
sections/Skills.modul
e.scss [Client 
Component Browser]
    ./src/components/
sections/Skills.tsx 
[Client Component 
Browser]
    ./src/components/
sections/Skills.tsx 
[Server Component]
    
./src/app/page.tsx 
[Server Component]


./src/components/sect
ions/Skills.module.sc
ss.module.css
Transforming CSS 
failed
Selector "h2" is not 
pure. Pure selectors 
must contain at 
least one local 
class or id.

Import trace:
  Client Component 
Browser:
    ./src/components/
sections/Skills.modul
e.scss.module.css 
[Client Component 
Browser]
    ./src/components/
sections/Skills.modul
e.scss [Client 
Component Browser]
    ./src/components/
sections/Skills.tsx 
[Client Component 
Browser]
    ./src/components/
sections/Skills.tsx 
[Server Component]
    
./src/app/page.tsx 
[Server Component]


./src/components/sect
ions/Skills.module.sc
ss.module.css
Transforming CSS 
failed
Selector "h3" is not 
pure. Pure selectors 
must contain at 
least one local 
class or id.

Import trace:
  Client Component 
Browser:
    ./src/components/
sections/Skills.modul
e.scss.module.css 
[Client Component 
Browser]
    ./src/components/
sections/Skills.modul
e.scss [Client 
Component Browser]
    ./src/components/
sections/Skills.tsx 
[Client Component 
Browser]
    ./src/components/
sections/Skills.tsx 
[Server Component]
    
./src/app/page.tsx 
[Server Component]


./src/components/sect
ions/Skills.module.sc
ss.module.css
Transforming CSS 
failed
Selector "h4" is not 
pure. Pure selectors 
must contain at 
least one local 
class or id.

Import trace:
  Client Component 
Browser:
    ./src/components/
sections/Skills.modul
e.scss.module.css 
[Client Component 
Browser]
    ./src/components/
sections/Skills.modul
e.scss [Client 
Component Browser]
    ./src/components/
sections/Skills.tsx 
[Client Component 
Browser]
    ./src/components/
sections/Skills.tsx 
[Server Component]
    
./src/app/page.tsx 
[Server Component]


./src/components/sect
ions/Skills.module.sc
ss.module.css
Transforming CSS 
failed
Selector "h5" is not 
pure. Pure selectors 
must contain at 
least one local 
class or id.

Import trace:
  Client Component 
Browser:
    ./src/components/
sections/Skills.modul
e.scss.module.css 
[Client Component 
Browser]
    ./src/components/
sections/Skills.modul
e.scss [Client 
Component Browser]
    ./src/components/
sections/Skills.tsx 
[Client Component 
Browser]
    ./src/components/
sections/Skills.tsx 
[Server Component]
    
./src/app/page.tsx 
[Server Component]


./src/components/sect
ions/Skills.module.sc
ss.module.css
Transforming CSS 
failed
Selector "h6" is not 
pure. Pure selectors 
must contain at 
least one local 
class or id.

Import trace:
  Client Component 
Browser:
    ./src/components/
sections/Skills.modul
e.scss.module.css 
[Client Component 
Browser]
    ./src/components/
sections/Skills.modul
e.scss [Client 
Component Browser]
    ./src/components/
sections/Skills.tsx 
[Client Component 
Browser]
    ./src/components/
sections/Skills.tsx 
[Server Component]
    
./src/app/page.tsx 
[Server Component]


./src/components/sect
ions/Skills.module.sc
ss.module.css
Transforming CSS 
failed
Selector "hr" is not 
pure. Pure selectors 
must contain at 
least one local 
class or id.

Import trace:
  Client Component 
Browser:
    ./src/components/
sections/Skills.modul
e.scss.module.css 
[Client Component 
Browser]
    ./src/components/
sections/Skills.modul
e.scss [Client 
Component Browser]
    ./src/components/
sections/Skills.tsx 
[Client Component 
Browser]
    ./src/components/
sections/Skills.tsx 
[Server Component]
    
./src/app/page.tsx 
[Server Component]


./src/components/sect
ions/Skills.module.sc
ss.module.css
Transforming CSS 
failed
Selector "iframe" is 
not pure. Pure 
selectors must 
contain at least one 
local class or id.

Import trace:
  Client Component 
Browser:
    ./src/components/
sections/Skills.modul
e.scss.module.css 
[Client Component 
Browser]
    ./src/components/
sections/Skills.modul
e.scss [Client 
Component Browser]
    ./src/components/
sections/Skills.tsx 
[Client Component 
Browser]
    ./src/components/
sections/Skills.tsx 
[Server Component]
    
./src/app/page.tsx 
[Server Component]


./src/components/sect
ions/Skills.module.sc
ss.module.css
Transforming CSS 
failed
Selector "img" is 
not pure. Pure 
selectors must 
contain at least one 
local class or id.

Import trace:
  Client Component 
Browser:
    ./src/components/
sections/Skills.modul
e.scss.module.css 
[Client Component 
Browser]
    ./src/components/
sections/Skills.modul
e.scss [Client 
Component Browser]
    ./src/components/
sections/Skills.tsx 
[Client Component 
Browser]
    ./src/components/
sections/Skills.tsx 
[Server Component]
    
./src/app/page.tsx 
[Server Component]


./src/components/sect
ions/Skills.module.sc
ss.module.css
Transforming CSS 
failed
Selector "input" is 
not pure. Pure 
selectors must 
contain at least one 
local class or id.

Import trace:
  Client Component 
Browser:
    ./src/components/
sections/Skills.modul
e.scss.module.css 
[Client Component 
Browser]
    ./src/components/
sections/Skills.modul
e.scss [Client 
Component Browser]
    ./src/components/
sections/Skills.tsx 
[Client Component 
Browser]
    ./src/components/
sections/Skills.tsx 
[Server Component]
    
./src/app/page.tsx 
[Server Component]


./src/components/sect
ions/Skills.module.sc
ss.module.css
Transforming CSS 
failed
Selector "input:where
([type="button"], 
[type="reset"], 
[type="submit"])" is 
not pure. Pure 
selectors must 
contain at least one 
local class or id.

Import trace:
  Client Component 
Browser:
    ./src/components/
sections/Skills.modul
e.scss.module.css 
[Client Component 
Browser]
    ./src/components/
sections/Skills.modul
e.scss [Client 
Component Browser]
    ./src/components/
sections/Skills.tsx 
[Client Component 
Browser]
    ./src/components/
sections/Skills.tsx 
[Server Component]
    
./src/app/page.tsx 
[Server Component]


./src/components/sect
ions/Skills.module.sc
ss.module.css
Transforming CSS 
failed
Selector "kbd" is 
not pure. Pure 
selectors must 
contain at least one 
local class or id.

Import trace:
  Client Component 
Browser:
    ./src/components/
sections/Skills.modul
e.scss.module.css 
[Client Component 
Browser]
    ./src/components/
sections/Skills.modul
e.scss [Client 
Component Browser]
    ./src/components/
sections/Skills.tsx 
[Client Component 
Browser]
    ./src/components/
sections/Skills.tsx 
[Server Component]
    
./src/app/page.tsx 
[Server Component]


./src/components/sect
ions/Skills.module.sc
ss.module.css
Transforming CSS 
failed
Selector "menu" is 
not pure. Pure 
selectors must 
contain at least one 
local class or id.

Import trace:
  Client Component 
Browser:
    ./src/components/
sections/Skills.modul
e.scss.module.css 
[Client Component 
Browser]
    ./src/components/
sections/Skills.modul
e.scss [Client 
Component Browser]
    ./src/components/
sections/Skills.tsx 
[Client Component 
Browser]
    ./src/components/
sections/Skills.tsx 
[Server Component]
    
./src/app/page.tsx 
[Server Component]


./src/components/sect
ions/Skills.module.sc
ss.module.css
Transforming CSS 
failed
Selector "object" is 
not pure. Pure 
selectors must 
contain at least one 
local class or id.

Import trace:
  Client Component 
Browser:
    ./src/components/
sections/Skills.modul
e.scss.module.css 
[Client Component 
Browser]
    ./src/components/
sections/Skills.modul
e.scss [Client 
Component Browser]
    ./src/components/
sections/Skills.tsx 
[Client Component 
Browser]
    ./src/components/
sections/Skills.tsx 
[Server Component]
    
./src/app/page.tsx 
[Server Component]


./src/components/sect
ions/Skills.module.sc
ss.module.css
Transforming CSS 
failed
Selector "ol" is not 
pure. Pure selectors 
must contain at 
least one local 
class or id.

Import trace:
  Client Component 
Browser:
    ./src/components/
sections/Skills.modul
e.scss.module.css 
[Client Component 
Browser]
    ./src/components/
sections/Skills.modul
e.scss [Client 
Component Browser]
    ./src/components/
sections/Skills.tsx 
[Client Component 
Browser]
    ./src/components/
sections/Skills.tsx 
[Server Component]
    
./src/app/page.tsx 
[Server Component]


./src/components/sect
ions/Skills.module.sc
ss.module.css
Transforming CSS 
failed
Selector "optgroup" 
is not pure. Pure 
selectors must 
contain at least one 
local class or id.

Import trace:
  Client Component 
Browser:
    ./src/components/
sections/Skills.modul
e.scss.module.css 
[Client Component 
Browser]
    ./src/components/
sections/Skills.modul
e.scss [Client 
Component Browser]
    ./src/components/
sections/Skills.tsx 
[Client Component 
Browser]
    ./src/components/
sections/Skills.tsx 
[Server Component]
    
./src/app/page.tsx 
[Server Component]


./src/components/sect
ions/Skills.module.sc
ss.module.css
Transforming CSS 
failed
Selector "pre" is 
not pure. Pure 
selectors must 
contain at least one 
local class or id.

Import trace:
  Client Component 
Browser:
    ./src/components/
sections/Skills.modul
e.scss.module.css 
[Client Component 
Browser]
    ./src/components/
sections/Skills.modul
e.scss [Client 
Component Browser]
    ./src/components/
sections/Skills.tsx 
[Client Component 
Browser]
    ./src/components/
sections/Skills.tsx 
[Server Component]
    
./src/app/page.tsx 
[Server Component]


./src/components/sect
ions/Skills.module.sc
ss.module.css
Transforming CSS 
failed
Selector "progress" 
is not pure. Pure 
selectors must 
contain at least one 
local class or id.

Import trace:
  Client Component 
Browser:
    ./src/components/
sections/Skills.modul
e.scss.module.css 
[Client Component 
Browser]
    ./src/components/
sections/Skills.modul
e.scss [Client 
Component Browser]
    ./src/components/
sections/Skills.tsx 
[Client Component 
Browser]
    ./src/components/
sections/Skills.tsx 
[Server Component]
    
./src/app/page.tsx 
[Server Component]


./src/components/sect
ions/Skills.module.sc
ss.module.css
Transforming CSS 
failed
Selector "samp" is 
not pure. Pure 
selectors must 
contain at least one 
local class or id.

Import trace:
  Client Component 
Browser:
    ./src/components/
sections/Skills.modul
e.scss.module.css 
[Client Component 
Browser]
    ./src/components/
sections/Skills.modul
e.scss [Client 
Component Browser]
    ./src/components/
sections/Skills.tsx 
[Client Component 
Browser]
    ./src/components/
sections/Skills.tsx 
[Server Component]
    
./src/app/page.tsx 
[Server Component]


./src/components/sect
ions/Skills.module.sc
ss.module.css
Transforming CSS 
failed
Selector "select" is 
not pure. Pure 
selectors must 
contain at least one 
local class or id.

Import trace:
  Client Component 
Browser:
    ./src/components/
sections/Skills.modul
e.scss.module.css 
[Client Component 
Browser]
    ./src/components/
sections/Skills.modul
e.scss [Client 
Component Browser]
    ./src/components/
sections/Skills.tsx 
[Client Component 
Browser]
    ./src/components/
sections/Skills.tsx 
[Server Component]
    
./src/app/page.tsx 
[Server Component]


./src/components/sect
ions/Skills.module.sc
ss.module.css
Transforming CSS 
failed
Selector "small" is 
not pure. Pure 
selectors must 
contain at least one 
local class or id.

Import trace:
  Client Component 
Browser:
    ./src/components/
sections/Skills.modul
e.scss.module.css 
[Client Component 
Browser]
    ./src/components/
sections/Skills.modul
e.scss [Client 
Component Browser]
    ./src/components/
sections/Skills.tsx 
[Client Component 
Browser]
    ./src/components/
sections/Skills.tsx 
[Server Component]
    
./src/app/page.tsx 
[Server Component]


./src/components/sect
ions/Skills.module.sc
ss.module.css
Transforming CSS 
failed
Selector "strong" is 
not pure. Pure 
selectors must 
contain at least one 
local class or id.

Import trace:
  Client Component 
Browser:
    ./src/components/
sections/Skills.modul
e.scss.module.css 
[Client Component 
Browser]
    ./src/components/
sections/Skills.modul
e.scss [Client 
Component Browser]
    ./src/components/
sections/Skills.tsx 
[Client Component 
Browser]
    ./src/components/
sections/Skills.tsx 
[Server Component]
    
./src/app/page.tsx 
[Server Component]


./src/components/sect
ions/Skills.module.sc
ss.module.css
Transforming CSS 
failed
Selector "sub" is 
not pure. Pure 
selectors must 
contain at least one 
local class or id.

Import trace:
  Client Component 
Browser:
    ./src/components/
sections/Skills.modul
e.scss.module.css 
[Client Component 
Browser]
    ./src/components/
sections/Skills.modul
e.scss [Client 
Component Browser]
    ./src/components/
sections/Skills.tsx 
[Client Component 
Browser]
    ./src/components/
sections/Skills.tsx 
[Server Component]
    
./src/app/page.tsx 
[Server Component]


./src/components/sect
ions/Skills.module.sc
ss.module.css
Transforming CSS 
failed
Selector "summary" 
is not pure. Pure 
selectors must 
contain at least one 
local class or id.

Import trace:
  Client Component 
Browser:
    ./src/components/
sections/Skills.modul
e.scss.module.css 
[Client Component 
Browser]
    ./src/components/
sections/Skills.modul
e.scss [Client 
Component Browser]
    ./src/components/
sections/Skills.tsx 
[Client Component 
Browser]
    ./src/components/
sections/Skills.tsx 
[Server Component]
    
./src/app/page.tsx 
[Server Component]


./src/components/sect
ions/Skills.module.sc
ss.module.css
Transforming CSS 
failed
Selector "sup" is 
not pure. Pure 
selectors must 
contain at least one 
local class or id.

Import trace:
  Client Component 
Browser:
    ./src/components/
sections/Skills.modul
e.scss.module.css 
[Client Component 
Browser]
    ./src/components/
sections/Skills.modul
e.scss [Client 
Component Browser]
    ./src/components/
sections/Skills.tsx 
[Client Component 
Browser]
    ./src/components/
sections/Skills.tsx 
[Server Component]
    
./src/app/page.tsx 
[Server Component]


./src/components/sect
ions/Skills.module.sc
ss.module.css
Transforming CSS 
failed
Selector "svg" is 
not pure. Pure 
selectors must 
contain at least one 
local class or id.

Import trace:
  Client Component 
Browser:
    ./src/components/
sections/Skills.modul
e.scss.module.css 
[Client Component 
Browser]
    ./src/components/
sections/Skills.modul
e.scss [Client 
Component Browser]
    ./src/components/
sections/Skills.tsx 
[Client Component 
Browser]
    ./src/components/
sections/Skills.tsx 
[Server Component]
    
./src/app/page.tsx 
[Server Component]


./src/components/sect
ions/Skills.module.sc
ss.module.css
Transforming CSS 
failed
Selector "table" is 
not pure. Pure 
selectors must 
contain at least one 
local class or id.

Import trace:
  Client Component 
Browser:
    ./src/components/
sections/Skills.modul
e.scss.module.css 
[Client Component 
Browser]
    ./src/components/
sections/Skills.modul
e.scss [Client 
Component Browser]
    ./src/components/
sections/Skills.tsx 
[Client Component 
Browser]
    ./src/components/
sections/Skills.tsx 
[Server Component]
    
./src/app/page.tsx 
[Server Component]


./src/components/sect
ions/Skills.module.sc
ss.module.css
Transforming CSS 
failed
Selector "textarea" 
is not pure. Pure 
selectors must 
contain at least one 
local class or id.

Import trace:
  Client Component 
Browser:
    ./src/components/
sections/Skills.modul
e.scss.module.css 
[Client Component 
Browser]
    ./src/components/
sections/Skills.modul
e.scss [Client 
Component Browser]
    ./src/components/
sections/Skills.tsx 
[Client Component 
Browser]
    ./src/components/
sections/Skills.tsx 
[Server Component]
    
./src/app/page.tsx 
[Server Component]


./src/components/sect
ions/Skills.module.sc
ss.module.css
Transforming CSS 
failed
Selector "ul" is not 
pure. Pure selectors 
must contain at 
least one local 
class or id.

Import trace:
  Client Component 
Browser:
    ./src/components/
sections/Skills.modul
e.scss.module.css 
[Client Component 
Browser]
    ./src/components/
sections/Skills.modul
e.scss [Client 
Component Browser]
    ./src/components/
sections/Skills.tsx 
[Client Component 
Browser]
    ./src/components/
sections/Skills.tsx 
[Server Component]
    
./src/app/page.tsx 
[Server Component]


./src/components/sect
ions/Skills.module.sc
ss.module.css
Transforming CSS 
failed
Selector "video" is 
not pure. Pure 
selectors must 
contain at least one 
local class or id.

Import trace:
  Client Component 
Browser:
    ./src/components/
sections/Skills.modul
e.scss.module.css 
[Client Component 
Browser]
    ./src/components/
sections/Skills.modul
e.scss [Client 
Component Browser]
    ./src/components/
sections/Skills.tsx 
[Client Component 
Browser]
    ./src/components/
sections/Skills.tsx 
[Server Component]
    
./src/app/page.tsx 
[Server Component]


    at ignore-listed 
frames
